<html>
<body>
<pre>
<h1>µVision Build Log</h1>
<h2>Project:</h2>
N:\SE350\lab\se350\Context_Switching\context_switching.uvproj
Project File Date:  01/05/2015

<h2>Output:</h2>
Build target 'Context Switching SIM'
assembling startup_LPC17xx.s...
compiling system_LPC17xx.c...
compiling uart_polling.c...
compiling printf.c...
compiling main_svc.c...
compiling HAL.c...
compiling k_rtx_init.c...
compiling k_memory.c...
compiling k_process.c...
compiling usr_proc.c...
linking...
Program Size: Code=2948 RO-data=236 RW-data=24 ZI-data=672  
"context_switching.axf" - 0 Error(s), 0 Warning(s).
Build target 'Context Switching SIM'
linking...
Program Size: Code=2948 RO-data=236 RW-data=24 ZI-data=672  
"context_switching.axf" - 0 Error(s), 0 Warning(s).
Load "N:\\SE350\\lab\\se350\\Context_Switching\\context_switching.AXF" 
No Algorithm found for: 10000000H - 10000C87H
Erase skipped!
Load "N:\\SE350\\lab\\se350\\Context_Switching\\context_switching.AXF" 
No Algorithm found for: 10000000H - 10000C87H
Erase skipped!
Load "N:\\SE350\\lab\\se350\\Context_Switching\\context_switching.AXF" 
No Algorithm found for: 10000000H - 10000C87H
Erase skipped!
Build target 'Context Switching SIM'
assembling startup_LPC17xx.s...
linking...
Program Size: Code=2952 RO-data=236 RW-data=24 ZI-data=672  
"context_switching.axf" - 0 Error(s), 0 Warning(s).
Load "N:\\SE350\\lab\\se350\\Context_Switching\\context_switching.AXF" 
No Algorithm found for: 10000000H - 10000C87H
Partial Erase Done (areas with no algorithms skipped!)
No Algorithm found for: 10000000H - 10000C87H
Partial Programming Done (areas with no algorithms skipped!)
Partial Verify OK (areas with no algorithms skipped!)
Build target 'Context Switching SIM'
linking...
Program Size: Code=2952 RO-data=236 RW-data=24 ZI-data=672  
"context_switching.axf" - 0 Error(s), 0 Warning(s).
Load "N:\\SE350\\lab\\se350\\Context_Switching\\context_switching.AXF" 
No Algorithm found for: 10000000H - 10000C87H
Partial Erase Done (areas with no algorithms skipped!)
No Algorithm found for: 10000000H - 10000C87H
Partial Programming Done (areas with no algorithms skipped!)
Partial Verify OK (areas with no algorithms skipped!)
Build target 'Context Switching SIM'
compiling main_svc.c...
linking...
Program Size: Code=2976 RO-data=236 RW-data=24 ZI-data=672  
"context_switching.axf" - 0 Error(s), 0 Warning(s).
Load "N:\\SE350\\lab\\se350\\Context_Switching\\context_switching.AXF" 
No Algorithm found for: 10000000H - 10000C9FH
Partial Erase Done (areas with no algorithms skipped!)
No Algorithm found for: 10000000H - 10000C9FH
Partial Programming Done (areas with no algorithms skipped!)
Partial Verify OK (areas with no algorithms skipped!)
Build target 'Context Switching SIM'
linking...
Program Size: Code=2976 RO-data=236 RW-data=24 ZI-data=672  
"context_switching.axf" - 0 Error(s), 0 Warning(s).
Rebuild target 'Context Switching SIM'
assembling startup_LPC17xx.s...
compiling system_LPC17xx.c...
compiling uart_polling.c...
compiling printf.c...
compiling main_svc.c...
compiling HAL.c...
compiling k_rtx_init.c...
compiling k_memory.c...
compiling k_process.c...
compiling usr_proc.c...
linking...
Program Size: Code=2976 RO-data=236 RW-data=24 ZI-data=672  
"context_switching.axf" - 0 Error(s), 0 Warning(s).
Build target 'Context Switching SIM'
linking...
Program Size: Code=2976 RO-data=236 RW-data=24 ZI-data=672  
"lab1.axf" - 0 Error(s), 0 Warning(s).
Load "N:\\SE350\\lab\\se350\\Context_Switching\\lab1.AXF" 
No Algorithm found for: 10000000H - 10000C9FH
Partial Erase Done (areas with no algorithms skipped!)
No Algorithm found for: 10000000H - 10000C9FH
Partial Programming Done (areas with no algorithms skipped!)
Partial Verify OK (areas with no algorithms skipped!)
Build target 'Context Switching SIM'
compiling main_svc.c...
linking...
Program Size: Code=2976 RO-data=236 RW-data=24 ZI-data=672  
"lab1.axf" - 0 Error(s), 0 Warning(s).
Load "N:\\SE350\\lab\\se350\\Context_Switching\\lab1.AXF" 
No Algorithm found for: 10000000H - 10000C9FH
Partial Erase Done (areas with no algorithms skipped!)
No Algorithm found for: 10000000H - 10000C9FH
Partial Programming Done (areas with no algorithms skipped!)
Partial Verify OK (areas with no algorithms skipped!)
