ARM Linker, 5.02 [Build 28] [MDK-ARM Lite]

==============================================================================

Section Cross References

    startup_lpc17xx.o(STACK) refers (Special) to heapauxi.o(.text) for __use_two_region_memory
    startup_lpc17xx.o(HEAP) refers (Special) to heapauxi.o(.text) for __use_two_region_memory
    startup_lpc17xx.o(RESET) refers (Special) to heapauxi.o(.text) for __use_two_region_memory
    startup_lpc17xx.o(RESET) refers to startup_lpc17xx.o(STACK) for __initial_sp
    startup_lpc17xx.o(RESET) refers to startup_lpc17xx.o(.text) for Reset_Handler
    startup_lpc17xx.o(RESET) refers to hal.o(.emb_text) for SVC_Handler
    startup_lpc17xx.o(RESET) refers to timer.o(.emb_text) for TIMER0_IRQHandler
    startup_lpc17xx.o(RESET) refers to uart_irq.o(.emb_text) for UART0_IRQHandler
    startup_lpc17xx.o(.ARM.__at_0x02FC) refers (Special) to heapauxi.o(.text) for __use_two_region_memory
    startup_lpc17xx.o(.text) refers (Special) to heapauxi.o(.text) for __use_two_region_memory
    startup_lpc17xx.o(.text) refers to __main.o(!!!main) for __main
    startup_lpc17xx.o(.text) refers to startup_lpc17xx.o(HEAP) for Heap_Mem
    startup_lpc17xx.o(.text) refers to startup_lpc17xx.o(STACK) for Stack_Mem
    system_lpc17xx.o(.text) refers to system_lpc17xx.o(.data) for SystemFrequency
    printf.o(.text) refers to printf.o(.data) for stdout_putf
    main_svc.o(.text) refers to system_lpc17xx.o(.text) for SystemInit
    main_svc.o(.text) refers to printf.o(.text) for init_printf
    main_svc.o(.text) refers to timer.o(.text) for timer_init
    main_svc.o(.text) refers to uart_irq.o(.text) for uart_irq_init
    main_svc.o(.text) refers to uart_polling.o(.text) for putc
    main_svc.o(.text) refers to k_rtx_init.o(.text) for k_rtx_init
    system_proc.o(.text) refers to strcpy.o(.text) for strcpy
    system_proc.o(.text) refers to k_process.o(.text) for k_receive_message
    system_proc.o(.text) refers to k_memory.o(.text) for k_request_memory_block
    system_proc.o(.text) refers to strtok.o(.text) for strtok
    system_proc.o(.text) refers to atoi.o(.text) for atoi
    system_proc.o(.text) refers to system_proc.o(.bss) for g_system_procs
    k_rtx_init.o(.text) refers to uart_polling.o(.text) for uart_init
    k_rtx_init.o(.text) refers to k_memory.o(.text) for memory_init
    k_rtx_init.o(.text) refers to k_process.o(.text) for process_init
    k_memory.o(.text) refers to printf.o(.text) for tfp_printf
    k_memory.o(.text) refers to k_process.o(.text) for atomic_on
    k_memory.o(.text) refers to k_process.o(.data) for gp_pcbs
    k_memory.o(.text) refers to k_memory.o(.data) for gp_stack
    k_memory.o(.text) refers to k_memory.o(.bss) for flag
    k_process.o(.text) refers to printf.o(.text) for tfp_printf
    k_process.o(.text) refers to hal.o(.emb_text) for __rte
    k_process.o(.text) refers to k_process.o(.data) for atomic_counter
    k_process.o(.text) refers to k_process.o(.bss) for blockedQueue
    k_process.o(.text) refers to usr_proc.o(.text) for set_test_procs
    k_process.o(.text) refers to system_proc.o(.text) for set_system_procs
    k_process.o(.text) refers to kernel_procs.o(.text) for set_kernel_procs
    k_process.o(.text) refers to k_memory.o(.text) for alloc_stack
    k_process.o(.text) refers to usr_proc.o(.bss) for g_test_procs
    k_process.o(.text) refers to system_proc.o(.bss) for g_system_procs
    k_process.o(.text) refers to kernel_procs.o(.bss) for g_kernel_procs
    list.o(.text) refers to h1_alloc.o(.text) for malloc
    list.o(.text) refers to h1_free.o(.text) for free
    timer.o(.emb_text) refers to timer.o(.text) for c_TIMER0_IRQHandler
    timer.o(.text) refers to kernel_procs.o(.text) for timer_i_process
    timer.o(.text) refers to k_process.o(.text) for peekQ
    timer.o(.text) refers to timer.o(.data) for g_timer_count
    timer.o(.text) refers to k_process.o(.data) for gp_current_process
    kernel_procs.o(.text) refers to printf.o(.text) for tfp_printf
    kernel_procs.o(.text) refers to k_memory.o(.text) for k_request_memory_block
    kernel_procs.o(.text) refers to k_process.o(.text) for k_send_message
    kernel_procs.o(.text) refers to kernel_procs.o(.data) for g_char_in
    kernel_procs.o(.text) refers to k_process.o(.bss) for processQueue
    kernel_procs.o(.text) refers to k_process.o(.data) for gp_pcbs
    kernel_procs.o(.text) refers to kernel_procs.o(.bss) for bBuffer
    kernel_procs.o(.text) refers to timer.o(.data) for g_timer_count
    uart_irq.o(.emb_text) refers to uart_irq.o(.text) for c_UART0_IRQHandler
    uart_irq.o(.text) refers to k_process.o(.text) for atomic_on
    uart_irq.o(.text) refers to kernel_procs.o(.text) for uart_i_process
    uart_irq.o(.text) refers to k_process.o(.data) for gp_current_process
    usr_proc.o(.text) refers to rt_memclr_w.o(.text) for __aeabi_memclr4
    usr_proc.o(.text) refers to strcpy.o(.text) for strcpy
    usr_proc.o(.text) refers to printf.o(.text) for tfp_printf
[...]
    heap2.o(i.___Heap_Valid$realtime) refers to heap2.o(.constdata) for .constdata
    heap2.o(i._free$realtime) refers to rt_heap_descriptor_intlibspace.o(.text) for __rt_heap_descriptor
    heap2.o(i._free$realtime) refers to fdtree.o(i._FDTree_Delete) for _FDTree_Delete
    heap2.o(i._free$realtime) refers to fdtree.o(i._FDTree_Insert) for _FDTree_Insert
    heap2.o(i._malloc$realtime) refers to rt_heap_descriptor_intlibspace.o(.text) for __rt_heap_descriptor
    heap2.o(i._malloc$realtime) refers to fdtree.o(i._FDTree_FindFirst) for _FDTree_FindFirst
    heap2.o(i._malloc$realtime) refers to init_alloc.o(.text) for __Heap_Full
    heap2.o(i._malloc$realtime) refers to fdtree.o(i._FDTree_RemoveNode) for _FDTree_RemoveNode
    heap2.o(i._malloc$realtime) refers to fdtree.o(i._FDTree_Insert) for _FDTree_Insert
    heap2.o(i._posix_memalign$realtime) refers to rt_heap_descriptor_intlibspace.o(.text) for __rt_heap_descriptor
    heap2.o(i._posix_memalign$realtime) refers to fdtree.o(i._FDTree_FindFirst) for _FDTree_FindFirst
    heap2.o(i._posix_memalign$realtime) refers to init_alloc.o(.text) for __Heap_Full
    heap2.o(i._posix_memalign$realtime) refers to fdtree.o(i._FDTree_RemoveNode) for _FDTree_RemoveNode
    heap2.o(i._posix_memalign$realtime) refers to fdtree.o(i._FDTree_Insert) for _FDTree_Insert
    heap2.o(i._realloc$realtime) refers to rt_heap_descriptor_intlibspace.o(.text) for __rt_heap_descriptor
    heap2.o(i._realloc$realtime) refers to fdtree.o(i._FDTree_Insert) for _FDTree_Insert
    heap2.o(i._realloc$realtime) refers to h1_free.o(.text) for free
    heap2.o(i._realloc$realtime) refers to h1_alloc.o(.text) for malloc
    heap2.o(i._realloc$realtime) refers to fdtree.o(i._FDTree_Delete) for _FDTree_Delete
    heap2.o(i._realloc$realtime) refers to rt_memcpy_w.o(.text) for __aeabi_memcpy4
    heap2mt.o(i._FDIterate) refers to heap2mt.o(.constdata) for .constdata
    heap2mt.o(i.___Heap_Initialize$realtime$concurrent) refers to mutex_dummy.o(.text) for _mutex_initialize
    heap2mt.o(i.___Heap_ProvideMemory$realtime$concurrent) refers to fdtree.o(i._FDTree_Delete) for _FDTree_Delete
    heap2mt.o(i.___Heap_ProvideMemory$realtime$concurrent) refers to fdtree.o(i._FDTree_Insert) for _FDTree_Insert
    heap2mt.o(i.___Heap_Stats$realtime$concurrent) refers to heap2mt.o(i._Heap2_StatsIterate) for _Heap2_StatsIterate
    heap2mt.o(i.___Heap_Valid$realtime$concurrent) refers to heap2mt.o(i._FDIterate) for _FDIterate
    heap2mt.o(i.___Heap_Valid$realtime$concurrent) refers to heap2mt.o(.constdata) for .constdata
    heap2mt.o(i._free$realtime$concurrent) refers to rt_heap_descriptor_intlibspace.o(.text) for __rt_heap_descriptor
    heap2mt.o(i._free$realtime$concurrent) refers to fdtree.o(i._FDTree_Delete) for _FDTree_Delete
    heap2mt.o(i._free$realtime$concurrent) refers to fdtree.o(i._FDTree_Insert) for _FDTree_Insert
    heap2mt.o(i._malloc$realtime$concurrent) refers to rt_heap_descriptor_intlibspace.o(.text) for __rt_heap_descriptor
    heap2mt.o(i._malloc$realtime$concurrent) refers to fdtree.o(i._FDTree_FindFirst) for _FDTree_FindFirst
    heap2mt.o(i._malloc$realtime$concurrent) refers to init_alloc.o(.text) for __Heap_Full
    heap2mt.o(i._malloc$realtime$concurrent) refers to fdtree.o(i._FDTree_RemoveNode) for _FDTree_RemoveNode
    heap2mt.o(i._malloc$realtime$concurrent) refers to fdtree.o(i._FDTree_Insert) for _FDTree_Insert
    heap2mt.o(i._posix_memalign$realtime$concurrent) refers to rt_heap_descriptor_intlibspace.o(.text) for __rt_heap_descriptor
    heap2mt.o(i._posix_memalign$realtime$concurrent) refers to fdtree.o(i._FDTree_FindFirst) for _FDTree_FindFirst
    heap2mt.o(i._posix_memalign$realtime$concurrent) refers to init_alloc.o(.text) for __Heap_Full
    heap2mt.o(i._posix_memalign$realtime$concurrent) refers to fdtree.o(i._FDTree_RemoveNode) for _FDTree_RemoveNode
    heap2mt.o(i._posix_memalign$realtime$concurrent) refers to fdtree.o(i._FDTree_Insert) for _FDTree_Insert
    heap2mt.o(i._realloc$realtime$concurrent) refers to rt_heap_descriptor_intlibspace.o(.text) for __rt_heap_descriptor
    heap2mt.o(i._realloc$realtime$concurrent) refers to fdtree.o(i._FDTree_Insert) for _FDTree_Insert
    heap2mt.o(i._realloc$realtime$concurrent) refers to h1_free.o(.text) for free
    heap2mt.o(i._realloc$realtime$concurrent) refers to h1_alloc.o(.text) for malloc
    heap2mt.o(i._realloc$realtime$concurrent) refers to fdtree.o(i._FDTree_Delete) for _FDTree_Delete
    heap2mt.o(i._realloc$realtime$concurrent) refers to rt_memcpy_w.o(.text) for __aeabi_memcpy4
    atoi.o(.text) refers to rt_errno_addr_intlibspace.o(.text) for __aeabi_errno_addr
    atoi.o(.text) refers to strtol.o(.text) for strtol
    strtok.o(.text) refers to strtok_int.o(.text) for __strtok_internal
    strtok.o(.text) refers to strtok.o(.data) for .data
    __main.o(!!!main) refers to rtentry.o(.ARM.Collect$$rtentry$$00000000) for __rt_entry
    rtentry.o(.ARM.Collect$$rtentry$$00000000) refers (Special) to rtentry2.o(.ARM.Collect$$rtentry$$0000000A) for __rt_entry_li
    rtentry.o(.ARM.Collect$$rtentry$$00000000) refers (Special) to rtentry2.o(.ARM.Collect$$rtentry$$0000000D) for __rt_entry_main
    rtentry.o(.ARM.Collect$$rtentry$$00000000) refers (Special) to rtentry2.o(.ARM.Collect$$rtentry$$0000000C) for __rt_entry_postli_1
    rtentry.o(.ARM.Collect$$rtentry$$00000000) refers (Special) to rtentry2.o(.ARM.Collect$$rtentry$$00000009) for __rt_entry_postsh_1
    rtentry.o(.ARM.Collect$$rtentry$$00000000) refers (Special) to rtentry2.o(.ARM.Collect$$rtentry$$00000002) for __rt_entry_presh_1
    rtentry.o(.ARM.Collect$$rtentry$$00000000) refers (Special) to rtentry4.o(.ARM.Collect$$rtentry$$00000004) for __rt_entry_sh
    rt_heap_descriptor.o(.text) refers to rt_heap_descriptor.o(.bss) for __rt_heap_descriptor_data
    rt_heap_descriptor_intlibspace.o(.text) refers to libspace.o(.bss) for __libspace_start
    rt_errno_addr.o(.text) refers to rt_errno_addr.o(.bss) for __aeabi_errno_addr_data
    rt_errno_addr_intlibspace.o(.text) refers to libspace.o(.bss) for __libspace_start
    init_alloc.o(.text) refers (Special) to hguard.o(.text) for __heap$guard
    init_alloc.o(.text) refers (Special) to libinit2.o(.ARM.Collect$$libinit$$00000003) for __rt_lib_init_heap_2
    init_alloc.o(.text) refers (Special) to maybetermalloc1.o(.emb_text) for _maybe_terminate_alloc
    init_alloc.o(.text) refers to h1_extend.o(.text) for __Heap_ProvideMemory
    init_alloc.o(.text) refers to defsig_rtmem_outer.o(.text) for __rt_SIGRTMEM
    init_alloc.o(.text) refers to rt_heap_descriptor_intlibspace.o(.text) for __rt_heap_descriptor
    init_alloc.o(.text) refers to h1_init.o(.text) for __Heap_Initialize
    h1_init_mt.o(.text) refers to mutex_dummy.o(.text) for _mutex_initialize
    strtol.o(.text) refers to rt_ctype_table.o(.text) for __rt_ctype_table
    strtol.o(.text) refers to _strtoul.o(.text) for _strtoul
    strtol.o(.text) refers to rt_errno_addr_intlibspace.o(.text) for __aeabi_errno_addr
    strtok_int.o(.text) refers to strspn.o(.text) for strspn
    strtok_int.o(.text) refers to strcspn.o(.text) for strcspn
    _get_argv.o(.text) refers (Special) to hrguard.o(.text) for __heap_region$guard
    _get_argv.o(.text) refers to h1_alloc.o(.text) for malloc
    _get_argv.o(.text) refers to defsig_rtmem_outer.o(.text) for __rt_SIGRTMEM
    _get_argv.o(.text) refers to sys_command.o(.text) for _sys_command_string
    libinit2.o(.ARM.Collect$$libinit$$00000003) refers (Weak) to init_alloc.o(.text) for _init_alloc
    libinit2.o(.ARM.Collect$$libinit$$0000000D) refers (Weak) to rt_locale_intlibspace.o(.text) for __rt_locale
    libinit2.o(.ARM.Collect$$libinit$$0000000E) refers to libinit2.o(.ARM.Collect$$libinit$$0000000D) for .ARM.Collect$$libinit$$0000000D
    libinit2.o(.ARM.Collect$$libinit$$00000010) refers to libinit2.o(.ARM.Collect$$libinit$$0000000D) for .ARM.Collect$$libinit$$0000000D
    libinit2.o(.ARM.Collect$$libinit$$00000010) refers (Weak) to lc_ctype_c.o(locale$$code) for _get_lc_ctype
    libinit2.o(.ARM.Collect$$libinit$$00000012) refers to libinit2.o(.ARM.Collect$$libinit$$0000000D) for .ARM.Collect$$libinit$$0000000D
    libinit2.o(.ARM.Collect$$libinit$$00000014) refers to libinit2.o(.ARM.Collect$$libinit$$0000000D) for .ARM.Collect$$libinit$$0000000D
    libinit2.o(.ARM.Collect$$libinit$$00000016) refers to libinit2.o(.ARM.Collect$$libinit$$0000000D) for .ARM.Collect$$libinit$$0000000D
    libinit2.o(.ARM.Collect$$libinit$$00000024) refers to argv_veneer.o(.emb_text) for __ARM_argv_veneer
    libinit2.o(.ARM.Collect$$libinit$$00000025) refers to argv_veneer.o(.emb_text) for __ARM_argv_veneer
    sys_command.o(.text) refers (Special) to use_no_semi.o(.text) for __I$use$semihosting
    sys_command.o(.text) refers (Special) to indicate_semi.o(.text) for __semihosting_library_function
    libspace.o(.text) refers to libspace.o(.bss) for __libspace_start
    rtentry2.o(.ARM.Collect$$rtentry$$00000008) refers to boardinit2.o(.text) for _platform_post_stackheap_init
    rtentry2.o(.ARM.Collect$$rtentry$$0000000A) refers to libinit.o(.ARM.Collect$$libinit$$00000000) for __rt_lib_init
    rtentry2.o(.ARM.Collect$$rtentry$$0000000B) refers to boardinit3.o(.text) for _platform_post_lib_init
    rtentry2.o(.ARM.Collect$$rtentry$$0000000D) refers to main_svc.o(.text) for main
    rtentry2.o(.ARM.Collect$$rtentry$$0000000D) refers to exit.o(.text) for exit
    rtentry2.o(.ARM.exidx) refers to rtentry2.o(.ARM.Collect$$rtentry$$00000001) for .ARM.Collect$$rtentry$$00000001
    rtentry2.o(.ARM.exidx) refers to rtentry2.o(.ARM.Collect$$rtentry$$00000008) for .ARM.Collect$$rtentry$$00000008
    rtentry2.o(.ARM.exidx) refers to rtentry2.o(.ARM.Collect$$rtentry$$0000000A) for .ARM.Collect$$rtentry$$0000000A
    rtentry2.o(.ARM.exidx) refers to rtentry2.o(.ARM.Collect$$rtentry$$0000000B) for .ARM.Collect$$rtentry$$0000000B
    rtentry2.o(.ARM.exidx) refers to rtentry2.o(.ARM.Collect$$rtentry$$0000000D) for .ARM.Collect$$rtentry$$0000000D
    rtentry4.o(.ARM.Collect$$rtentry$$00000004) refers to sys_stackheap_outer.o(.text) for __user_setup_stackheap
    rtentry4.o(.ARM.exidx) refers to rtentry4.o(.ARM.Collect$$rtentry$$00000004) for .ARM.Collect$$rtentry$$00000004
    rt_ctype_table.o(.text) refers to rt_locale_intlibspace.o(.text) for __rt_locale
    rt_ctype_table.o(.text) refers to lc_ctype_c.o(locale$$code) for _get_lc_ctype
    maybetermalloc2.o(.emb_text) refers (Special) to term_alloc.o(.text) for _terminate_alloc
    h1_extend.o(.text) refers to h1_free.o(.text) for free
    h1_extend_mt.o(.text) refers to h1_free_mt.o(.text) for _free_internal
    _strtoul.o(.text) refers to _chval.o(.text) for _chval
    _strtoul.o(.text) refers to rt_errno_addr_intlibspace.o(.text) for __aeabi_errno_addr
    defsig_rtmem_outer.o(.text) refers to defsig_rtmem_inner.o(.text) for __rt_SIGRTMEM_inner
    defsig_rtmem_outer.o(.text) refers to defsig_exit.o(.text) for __sig_exit
    defsig_rtmem_formal.o(.text) refers to rt_raise.o(.text) for __rt_raise
    heapauxa.o(.text) refers to heapauxa.o(.data) for .data
    argv_veneer.o(.emb_text) refers to no_argv.o(.text) for __ARM_get_argv
    sys_stackheap_outer.o(.text) refers to libspace.o(.text) for __user_perproc_libspace
    sys_stackheap_outer.o(.text) refers to startup_lpc17xx.o(.text) for __user_initial_stackheap
    rt_raise.o(.text) refers to __raise.o(.text) for __raise
    rt_raise.o(.text) refers to sys_exit.o(.text) for _sys_exit
    rt_locale.o(.text) refers to rt_locale.o(.bss) for __rt_locale_data
    rt_locale_intlibspace.o(.text) refers to libspace.o(.bss) for __libspace_start
    term_alloc.o(.text) refers (Special) to libshutdown2.o(.ARM.Collect$$libshutdown$$0000000D) for __rt_lib_shutdown_heap_2
    term_alloc.o(.text) refers to rt_heap_descriptor_intlibspace.o(.text) for __rt_heap_descriptor
    term_alloc.o(.text) refers to h1_final.o(.text) for __Heap_Finalize
    sjis_ctype.o(locale$$data) refers (Special) to libinit2.o(.ARM.Collect$$libinit$$00000010) for __rt_lib_init_lc_ctype_2
    sjis_ctype.o(locale$$data) refers (Special) to towlower.o(.text) for __use_full_towlower
    sjis_ctype.o(locale$$data) refers (Special) to towupper.o(.text) for __use_full_towupper
    sjis_ctype.o(locale$$data) refers (Special) to wclass.o(.text) for __use_full_wctype
    sjis_ctype.o(locale$$data) refers (Special) to mbdata.o(.text) for __use_mbdata
    sjis_ctype.o(locale$$data) refers to jis2ucs.o(.text) for __sjis_mbrtowc
    sjis_ctype.o(locale$$data) refers to ucs2jis.o(.text) for __sjis_wcrtomb
    sjis_ctype.o(locale$$code) refers (Special) to libinit2.o(.ARM.Collect$$libinit$$00000010) for __rt_lib_init_lc_ctype_2
    sjis_ctype.o(locale$$code) refers (Special) to towlower.o(.text) for __use_full_towlower
    sjis_ctype.o(locale$$code) refers (Special) to towupper.o(.text) for __use_full_towupper
    sjis_ctype.o(locale$$code) refers (Special) to wclass.o(.text) for __use_full_wctype
    sjis_ctype.o(locale$$code) refers (Special) to mbdata.o(.text) for __use_mbdata
    sjis_ctype.o(locale$$code) refers to strcmpv7m.o(.text) for strcmp
    sjis_ctype.o(locale$$code) refers to sjis_ctype.o(locale$$data) for __lcctype_sjis_name
    utf8_ctype.o(locale$$data) refers (Special) to libinit2.o(.ARM.Collect$$libinit$$00000010) for __rt_lib_init_lc_ctype_2
    utf8_ctype.o(locale$$data) refers (Special) to towlower.o(.text) for __use_full_towlower
    utf8_ctype.o(locale$$data) refers (Special) to towupper.o(.text) for __use_full_towupper
    utf8_ctype.o(locale$$data) refers (Special) to wclass.o(.text) for __use_full_wctype
    utf8_ctype.o(locale$$data) refers (Special) to mbdata.o(.text) for __use_mbdata
    utf8_ctype.o(locale$$data) refers to utf8_mbrtowc.o(.text) for __utf8_mbrtowc
    utf8_ctype.o(locale$$data) refers to utf8_wcrtomb.o(.text) for __utf8_wcrtomb
    utf8_ctype.o(locale$$code) refers (Special) to libinit2.o(.ARM.Collect$$libinit$$00000010) for __rt_lib_init_lc_ctype_2
    utf8_ctype.o(locale$$code) refers (Special) to towlower.o(.text) for __use_full_towlower
    utf8_ctype.o(locale$$code) refers (Special) to towupper.o(.text) for __use_full_towupper
    utf8_ctype.o(locale$$code) refers (Special) to wclass.o(.text) for __use_full_wctype
    utf8_ctype.o(locale$$code) refers (Special) to mbdata.o(.text) for __use_mbdata
    utf8_ctype.o(locale$$code) refers to strcmpv7m.o(.text) for strcmp
    utf8_ctype.o(locale$$code) refers to utf8_ctype.o(locale$$data) for __lcctype_utf8_name
    all_ctype.o(locale$$data) refers (Special) to libinit2.o(.ARM.Collect$$libinit$$00000010) for __rt_lib_init_lc_ctype_2
    all_ctype.o(locale$$data) refers (Special) to towlower.o(.text) for __use_full_towlower
    all_ctype.o(locale$$data) refers (Special) to towupper.o(.text) for __use_full_towupper
    all_ctype.o(locale$$data) refers (Special) to wclass.o(.text) for __use_full_wctype
    all_ctype.o(locale$$data) refers (Special) to mbdata.o(.text) for __use_mbdata
    all_ctype.o(locale$$data) refers to jis2ucs.o(.text) for __sjis_mbrtowc
    all_ctype.o(locale$$data) refers to ucs2jis.o(.text) for __sjis_wcrtomb
    all_ctype.o(locale$$data) refers to utf8_mbrtowc.o(.text) for __utf8_mbrtowc
    all_ctype.o(locale$$data) refers to utf8_wcrtomb.o(.text) for __utf8_wcrtomb
    all_ctype.o(locale$$code) refers (Special) to libinit2.o(.ARM.Collect$$libinit$$00000010) for __rt_lib_init_lc_ctype_2
    all_ctype.o(locale$$code) refers (Special) to towlower.o(.text) for __use_full_towlower
    all_ctype.o(locale$$code) refers (Special) to towupper.o(.text) for __use_full_towupper
    all_ctype.o(locale$$code) refers (Special) to wclass.o(.text) for __use_full_wctype
    all_ctype.o(locale$$code) refers (Special) to mbdata.o(.text) for __use_mbdata
    all_ctype.o(locale$$code) refers to findlocale.o(.text) for _findlocale
    all_ctype.o(locale$$code) refers to all_ctype.o(locale$$data) for locale_data_start
    lc_ctype_c.o(locale$$data) refers (Special) to libinit2.o(.ARM.Collect$$libinit$$00000010) for __rt_lib_init_lc_ctype_2
    lc_ctype_c.o(locale$$code) refers (Special) to libinit2.o(.ARM.Collect$$libinit$$00000010) for __rt_lib_init_lc_ctype_2
    lc_ctype_c.o(locale$$code) refers to strcmpv7m.o(.text) for strcmp
    lc_ctype_c.o(locale$$code) refers to lc_ctype_c.o(locale$$data) for __lcctype_c_name
    lc_ctype_8859.o(locale$$data) refers (Special) to libinit2.o(.ARM.Collect$$libinit$$00000010) for __rt_lib_init_lc_ctype_2
    lc_ctype_8859.o(locale$$code) refers (Special) to libinit2.o(.ARM.Collect$$libinit$$00000010) for __rt_lib_init_lc_ctype_2
    lc_ctype_8859.o(locale$$code) refers to strcmpv7m.o(.text) for strcmp
    lc_ctype_8859.o(locale$$code) refers to lc_ctype_8859.o(locale$$data) for __lcctype_iso8859_1_name
    exit.o(.text) refers to rtexit.o(.ARM.Collect$$rtexit$$00000000) for __rt_exit
    defsig_exit.o(.text) refers to sys_exit.o(.text) for _sys_exit
    defsig_rtmem_inner.o(.text) refers to defsig_general.o(.text) for __default_signal_display
    _get_argv_nomalloc.o(.text) refers (Special) to hrguard.o(.text) for __heap_region$guard
    _get_argv_nomalloc.o(.text) refers to defsig_rtmem_outer.o(.text) for __rt_SIGRTMEM
    _get_argv_nomalloc.o(.text) refers to sys_command.o(.text) for _sys_command_string
    libinit.o(.ARM.Collect$$libinit$$00000000) refers (Special) to libinit2.o(.ARM.Collect$$libinit$$0000002C) for __rt_lib_init_alloca_1
    libinit.o(.ARM.Collect$$libinit$$00000000) refers (Special) to libinit2.o(.ARM.Collect$$libinit$$0000002A) for __rt_lib_init_argv_1
    libinit.o(.ARM.Collect$$libinit$$00000000) refers (Special) to libinit2.o(.ARM.Collect$$libinit$$00000019) for __rt_lib_init_atexit_1
    libinit.o(.ARM.Collect$$libinit$$00000000) refers (Special) to libinit2.o(.ARM.Collect$$libinit$$0000001F) for __rt_lib_init_clock_1
    libinit.o(.ARM.Collect$$libinit$$00000000) refers (Special) to libinit2.o(.ARM.Collect$$libinit$$00000030) for __rt_lib_init_cpp_1
    libinit.o(.ARM.Collect$$libinit$$00000000) refers (Special) to libinit2.o(.ARM.Collect$$libinit$$0000002E) for __rt_lib_init_exceptions_1
    libinit.o(.ARM.Collect$$libinit$$00000000) refers (Special) to libinit2.o(.ARM.Collect$$libinit$$00000002) for __rt_lib_init_fp_1
    libinit.o(.ARM.Collect$$libinit$$00000000) refers (Special) to libinit2.o(.ARM.Collect$$libinit$$0000001D) for __rt_lib_init_fp_trap_1
    libinit.o(.ARM.Collect$$libinit$$00000000) refers (Special) to libinit2.o(.ARM.Collect$$libinit$$00000021) for __rt_lib_init_getenv_1
    libinit.o(.ARM.Collect$$libinit$$00000000) refers (Special) to libinit2.o(.ARM.Collect$$libinit$$00000008) for __rt_lib_init_heap_1
    libinit.o(.ARM.Collect$$libinit$$00000000) refers (Special) to libinit2.o(.ARM.Collect$$libinit$$0000000F) for __rt_lib_init_lc_collate_1
    libinit.o(.ARM.Collect$$libinit$$00000000) refers (Special) to libinit2.o(.ARM.Collect$$libinit$$00000011) for __rt_lib_init_lc_ctype_1
    libinit.o(.ARM.Collect$$libinit$$00000000) refers (Special) to libinit2.o(.ARM.Collect$$libinit$$00000013) for __rt_lib_init_lc_monetary_1
    libinit.o(.ARM.Collect$$libinit$$00000000) refers (Special) to libinit2.o(.ARM.Collect$$libinit$$00000015) for __rt_lib_init_lc_numeric_1
    libinit.o(.ARM.Collect$$libinit$$00000000) refers (Special) to libinit2.o(.ARM.Collect$$libinit$$00000017) for __rt_lib_init_lc_time_1
    libinit.o(.ARM.Collect$$libinit$$00000000) refers (Special) to libinit2.o(.ARM.Collect$$libinit$$0000000C) for __rt_lib_init_rand_1
    libinit.o(.ARM.Collect$$libinit$$00000000) refers (Special) to libinit2.o(.ARM.Collect$$libinit$$00000031) for __rt_lib_init_return
    libinit.o(.ARM.Collect$$libinit$$00000000) refers (Special) to libinit2.o(.ARM.Collect$$libinit$$0000001B) for __rt_lib_init_signal_1
    libinit.o(.ARM.Collect$$libinit$$00000000) refers (Special) to libinit2.o(.ARM.Collect$$libinit$$00000023) for __rt_lib_init_stdio_1
    libinit.o(.ARM.Collect$$libinit$$00000000) refers (Special) to libinit2.o(.ARM.Collect$$libinit$$0000000A) for __rt_lib_init_user_alloc_1
    sys_exit.o(.text) refers (Special) to use_no_semi.o(.text) for __I$use$semihosting
    sys_exit.o(.text) refers (Special) to indicate_semi.o(.text) for __semihosting_library_function
    rtexit.o(.ARM.Collect$$rtexit$$00000000) refers (Special) to rtexit2.o(.ARM.Collect$$rtexit$$00000004) for __rt_exit_exit
    rtexit.o(.ARM.Collect$$rtexit$$00000000) refers (Special) to rtexit2.o(.ARM.Collect$$rtexit$$00000003) for __rt_exit_ls
    rtexit.o(.ARM.Collect$$rtexit$$00000000) refers (Special) to rtexit2.o(.ARM.Collect$$rtexit$$00000002) for __rt_exit_prels_1
    rtexit.o(.ARM.exidx) refers (Special) to rtexit2.o(.ARM.Collect$$rtexit$$00000004) for __rt_exit_exit
    rtexit.o(.ARM.exidx) refers (Special) to rtexit2.o(.ARM.Collect$$rtexit$$00000003) for __rt_exit_ls
    rtexit.o(.ARM.exidx) refers (Special) to rtexit2.o(.ARM.Collect$$rtexit$$00000002) for __rt_exit_prels_1
    rtexit.o(.ARM.exidx) refers to rtexit.o(.ARM.Collect$$rtexit$$00000000) for .ARM.Collect$$rtexit$$00000000
    wclass.o(.text) refers (Special) to _small_iswspace.o(.text) for __lib_sel_small_iswspace
    wclass.o(.text) refers to rt_ctype_table.o(.text) for __rt_ctype_table
    wclass.o(.text) refers to wclass_c.o(.text) for _wclass$C
    wclass.o(.text) refers to wclass.o(.constdata) for .constdata
    wclass.o(.constdata) refers (Special) to _small_iswspace.o(.text) for __lib_sel_small_iswspace
    towlower.o(.text) refers to towlower.o(.constdata) for .constdata
    towupper.o(.text) refers to towupper.o(.constdata) for .constdata
    wclass_c.o(.text) refers to rt_ctype_table.o(.text) for __rt_ctype_table
    findlocale.o(.text) refers to strcmpv7m.o(.text) for strcmp
    findlocale.o(.text) refers to strlen.o(.text) for strlen
    mbdata.o(.text) refers to mbdata.o(.bss) for .bss
    ucs2jis.o(.text) refers to ucs2jis.o(.constdata) for .constdata
    ucs2jis.o(.text) refers to jis2ucs.o(.constdata) for _jis2ucs
    jis2ucs.o(.text) refers to jis2ucs.o(.constdata) for .constdata
    __raise.o(.text) refers to defsig.o(CL$$defsig) for __default_signal_handler
    defsig_general.o(.text) refers to sys_wrch.o(.text) for _ttywrch
    libshutdown2.o(.ARM.Collect$$libshutdown$$0000000C) refers (Weak) to term_alloc.o(.text) for _terminate_alloc
    sys_wrch.o(.text) refers (Special) to use_no_semi.o(.text) for __I$use$semihosting
    sys_wrch.o(.text) refers (Special) to indicate_semi.o(.text) for __semihosting_library_function
    rtexit2.o(.ARM.Collect$$rtexit$$00000003) refers to libshutdown.o(.ARM.Collect$$libshutdown$$00000000) for __rt_lib_shutdown
    rtexit2.o(.ARM.Collect$$rtexit$$00000004) refers to sys_exit.o(.text) for _sys_exit
    rtexit2.o(.ARM.exidx) refers to rtexit2.o(.ARM.Collect$$rtexit$$00000001) for .ARM.Collect$$rtexit$$00000001
    rtexit2.o(.ARM.exidx) refers to rtexit2.o(.ARM.Collect$$rtexit$$00000003) for .ARM.Collect$$rtexit$$00000003
    rtexit2.o(.ARM.exidx) refers to rtexit2.o(.ARM.Collect$$rtexit$$00000004) for .ARM.Collect$$rtexit$$00000004
    defsig.o(CL$$defsig) refers to defsig_rtmem_inner.o(.text) for __rt_SIGRTMEM_inner
    defsig_abrt_inner.o(.text) refers to defsig_general.o(.text) for __default_signal_display
    defsig_fpe_inner.o(.text) refers to defsig_general.o(.text) for __default_signal_display
    defsig_rtred_inner.o(.text) refers to defsig_general.o(.text) for __default_signal_display
    defsig_stak_inner.o(.text) refers to defsig_general.o(.text) for __default_signal_display
    defsig_pvfn_inner.o(.text) refers to defsig_general.o(.text) for __default_signal_display
    defsig_cppl_inner.o(.text) refers to defsig_general.o(.text) for __default_signal_display
    defsig_segv_inner.o(.text) refers to defsig_general.o(.text) for __default_signal_display
    defsig_other.o(.text) refers to defsig_general.o(.text) for __default_signal_display
    libshutdown.o(.ARM.Collect$$libshutdown$$00000000) refers (Special) to libshutdown2.o(.ARM.Collect$$libshutdown$$00000006) for __rt_lib_shutdown_fp_trap_1
    libshutdown.o(.ARM.Collect$$libshutdown$$00000000) refers (Special) to libshutdown2.o(.ARM.Collect$$libshutdown$$0000000E) for __rt_lib_shutdown_heap_1
    libshutdown.o(.ARM.Collect$$libshutdown$$00000000) refers (Special) to libshutdown2.o(.ARM.Collect$$libshutdown$$0000000F) for __rt_lib_shutdown_return
    libshutdown.o(.ARM.Collect$$libshutdown$$00000000) refers (Special) to libshutdown2.o(.ARM.Collect$$libshutdown$$00000009) for __rt_lib_shutdown_signal_1
    libshutdown.o(.ARM.Collect$$libshutdown$$00000000) refers (Special) to libshutdown2.o(.ARM.Collect$$libshutdown$$00000003) for __rt_lib_shutdown_stdio_1
    libshutdown.o(.ARM.Collect$$libshutdown$$00000000) refers (Special) to libshutdown2.o(.ARM.Collect$$libshutdown$$0000000B) for __rt_lib_shutdown_user_alloc_1


==============================================================================

Removing Unused input sections from the image.

    Removing system_lpc17xx.o(.rev16_text), (4 bytes).
    Removing system_lpc17xx.o(.revsh_text), (4 bytes).
    Removing uart_polling.o(.rev16_text), (4 bytes).
    Removing uart_polling.o(.revsh_text), (4 bytes).
    Removing main_svc.o(.rev16_text), (4 bytes).
    Removing main_svc.o(.revsh_text), (4 bytes).
    Removing system_proc.o(.rev16_text), (4 bytes).
    Removing system_proc.o(.revsh_text), (4 bytes).
    Removing k_memory.o(.constdata), (8 bytes).
    Removing k_process.o(.rev16_text), (4 bytes).
    Removing k_process.o(.revsh_text), (4 bytes).
    Removing list.o(.text), (78 bytes).
    Removing timer.o(.rev16_text), (4 bytes).
    Removing timer.o(.revsh_text), (4 bytes).
    Removing kernel_procs.o(.rev16_text), (4 bytes).
    Removing kernel_procs.o(.revsh_text), (4 bytes).
    Removing uart_irq.o(.rev16_text), (4 bytes).
    Removing uart_irq.o(.revsh_text), (4 bytes).

18 unused section(s) (total 150 bytes) removed from the image.

==============================================================================

Image Symbol Table

    Local Symbols

    Symbol Name                              Value     Ov Type        Size  Object(Section)

    ../clib/angel/boardlib.s                 0x00000000   Number         0  boardshut.o ABSOLUTE
    ../clib/angel/boardlib.s                 0x00000000   Number         0  boardinit1.o ABSOLUTE
    ../clib/angel/boardlib.s                 0x00000000   Number         0  boardinit3.o ABSOLUTE
    ../clib/angel/boardlib.s                 0x00000000   Number         0  boardinit2.o ABSOLUTE
    ../clib/angel/handlers.s                 0x00000000   Number         0  __scatter_copy.o ABSOLUTE
    ../clib/angel/handlers.s                 0x00000000   Number         0  __scatter_zi.o ABSOLUTE
    ../clib/angel/kernel.s                   0x00000000   Number         0  rtentry.o ABSOLUTE
    ../clib/angel/kernel.s                   0x00000000   Number         0  rtentry2.o ABSOLUTE
    ../clib/angel/kernel.s                   0x00000000   Number         0  rtexit.o ABSOLUTE
    ../clib/angel/kernel.s                   0x00000000   Number         0  rtexit2.o ABSOLUTE
    ../clib/angel/kernel.s                   0x00000000   Number         0  rtentry4.o ABSOLUTE
    ../clib/angel/rt.s                       0x00000000   Number         0  rt_heap_descriptor_intlibspace.o ABSOLUTE
    ../clib/angel/rt.s                       0x00000000   Number         0  rt_heap_descriptor.o ABSOLUTE
    ../clib/angel/rt.s                       0x00000000   Number         0  rt_errno_addr.o ABSOLUTE
    ../clib/angel/rt.s                       0x00000000   Number         0  rt_errno_addr_intlibspace.o ABSOLUTE
    ../clib/angel/rt.s                       0x00000000   Number         0  rt_ctype_table.o ABSOLUTE
    ../clib/angel/rt.s                       0x00000000   Number         0  rt_locale_intlibspace.o ABSOLUTE
    ../clib/angel/rt.s                       0x00000000   Number         0  rt_locale.o ABSOLUTE
    ../clib/angel/rt.s                       0x00000000   Number         0  rt_raise.o ABSOLUTE
    ../clib/angel/scatter.s                  0x00000000   Number         0  __scatter.o ABSOLUTE
    ../clib/angel/startup.s                  0x00000000   Number         0  __main.o ABSOLUTE
    ../clib/angel/sys.s                      0x00000000   Number         0  use_no_semi.o ABSOLUTE
    ../clib/angel/sys.s                      0x00000000   Number         0  mutex_dummy.o ABSOLUTE
    ../clib/angel/sys.s                      0x00000000   Number         0  libspace.o ABSOLUTE
    ../clib/angel/sys.s                      0x00000000   Number         0  indicate_semi.o ABSOLUTE
    ../clib/angel/sys.s                      0x00000000   Number         0  sys_stackheap_outer.o ABSOLUTE
    ../clib/angel/sysapp.c                   0x00000000   Number         0  sys_command.o ABSOLUTE
    ../clib/angel/sysapp.c                   0x00000000   Number         0  sys_exit.o ABSOLUTE
    ../clib/angel/sysapp.c                   0x00000000   Number         0  sys_wrch.o ABSOLUTE
    ../clib/armsys.c                         0x00000000   Number         0  argv_veneer.o ABSOLUTE
    ../clib/armsys.c                         0x00000000   Number         0  argv_veneer.o ABSOLUTE
    ../clib/armsys.c                         0x00000000   Number         0  no_argv.o ABSOLUTE
    ../clib/armsys.c                         0x00000000   Number         0  _get_argv_nomalloc.o ABSOLUTE
    ../clib/armsys.c                         0x00000000   Number         0  _get_argv.o ABSOLUTE
    ../clib/ctype.c                          0x00000000   Number         0  towupper.o ABSOLUTE
    ../clib/ctype.c                          0x00000000   Number         0  towlower.o ABSOLUTE
    ../clib/ctype.c                          0x00000000   Number         0  wclass_c.o ABSOLUTE
    ../clib/ctype.c                          0x00000000   Number         0  wclass.o ABSOLUTE
    ../clib/ctype.c                          0x00000000   Number         0  _small_iswspace.o ABSOLUTE
    ../clib/heap1.c                          0x00000000   Number         0  h1_final_mt.o ABSOLUTE
    ../clib/heap1.c                          0x00000000   Number         0  h1_final.o ABSOLUTE
    ../clib/heap1.c                          0x00000000   Number         0  h1_init.o ABSOLUTE
    ../clib/heap1.c                          0x00000000   Number         0  h1_alloc.o ABSOLUTE
    ../clib/heap1.c                          0x00000000   Number         0  h1_extend.o ABSOLUTE
    ../clib/heap1.c                          0x00000000   Number         0  h1_extend_mt.o ABSOLUTE
    ../clib/heap1.c                          0x00000000   Number         0  h1_free.o ABSOLUTE
    ../clib/heap1.c                          0x00000000   Number         0  h1_alloc_mt.o ABSOLUTE
    ../clib/heap1.c                          0x00000000   Number         0  h1_init_mt.o ABSOLUTE
    ../clib/heap1.c                          0x00000000   Number         0  h1_free_mt.o ABSOLUTE
    ../clib/heap2.c                          0x00000000   Number         0  fdtree.o ABSOLUTE
    ../clib/heap2.c                          0x00000000   Number         0  heap2.o ABSOLUTE
    ../clib/heap2.c                          0x00000000   Number         0  heap2mt.o ABSOLUTE
    ../clib/heapalloc.c                      0x00000000   Number         0  heapstubs.o ABSOLUTE
    ../clib/heapalloc.c                      0x00000000   Number         0  maybetermalloc2.o ABSOLUTE
    ../clib/heapalloc.c                      0x00000000   Number         0  maybetermalloc2.o ABSOLUTE
    ../clib/heapalloc.c                      0x00000000   Number         0  maybetermalloc1.o ABSOLUTE
    ../clib/heapalloc.c                      0x00000000   Number         0  maybetermalloc1.o ABSOLUTE
    ../clib/heapalloc.c                      0x00000000   Number         0  hrguard.o ABSOLUTE
    ../clib/heapalloc.c                      0x00000000   Number         0  term_alloc.o ABSOLUTE
    ../clib/heapalloc.c                      0x00000000   Number         0  malloc.o ABSOLUTE
    ../clib/heapalloc.c                      0x00000000   Number         0  free.o ABSOLUTE
    ../clib/heapalloc.c                      0x00000000   Number         0  hguard.o ABSOLUTE
    ../clib/heapalloc.c                      0x00000000   Number         0  init_alloc.o ABSOLUTE
    ../clib/heapaux.c                        0x00000000   Number         0  heapauxa.o ABSOLUTE
    ../clib/heapaux.c                        0x00000000   Number         0  heapauxi.o ABSOLUTE
    ../clib/libinit.s                        0x00000000   Number         0  libinit.o ABSOLUTE
    ../clib/libinit.s                        0x00000000   Number         0  libinit2.o ABSOLUTE
    ../clib/libinit.s                        0x00000000   Number         0  libshutdown.o ABSOLUTE
    ../clib/libinit.s                        0x00000000   Number         0  libshutdown2.o ABSOLUTE
    ../clib/locale.c                         0x00000000   Number         0  utf8_wcrtomb.o ABSOLUTE
    ../clib/locale.c                         0x00000000   Number         0  utf8_mbrtowc.o ABSOLUTE
    ../clib/locale.c                         0x00000000   Number         0  jis2ucs.o ABSOLUTE
    ../clib/locale.c                         0x00000000   Number         0  ucs2jis.o ABSOLUTE
    ../clib/locale.c                         0x00000000   Number         0  findlocale.o ABSOLUTE
    ../clib/locale.c                         0x00000000   Number         0  mbdata.o ABSOLUTE
    ../clib/locale.s                         0x00000000   Number         0  lc_ctype_8859.o ABSOLUTE
    ../clib/locale.s                         0x00000000   Number         0  utf8_ctype.o ABSOLUTE
    ../clib/locale.s                         0x00000000   Number         0  sjis_ctype.o ABSOLUTE
    ../clib/locale.s                         0x00000000   Number         0  all_ctype.o ABSOLUTE
    ../clib/locale.s                         0x00000000   Number         0  lc_ctype_c.o ABSOLUTE
    ../clib/memcpset.s                       0x00000000   Number         0  strcmpv7m.o ABSOLUTE
    ../clib/memcpset.s                       0x00000000   Number         0  rt_memcpy_w.o ABSOLUTE
    ../clib/memcpset.s                       0x00000000   Number         0  rt_memclr_w.o ABSOLUTE
    ../clib/scanf.c                          0x00000000   Number         0  atoi.o ABSOLUTE
    ../clib/scanf.c                          0x00000000   Number         0  _strtoul.o ABSOLUTE
    ../clib/scanf.c                          0x00000000   Number         0  _chval.o ABSOLUTE
    ../clib/scanf.c                          0x00000000   Number         0  strtol.o ABSOLUTE
    ../clib/signal.c                         0x00000000   Number         0  defsig_fpe_inner.o ABSOLUTE
    ../clib/signal.c                         0x00000000   Number         0  defsig_abrt_inner.o ABSOLUTE
    ../clib/signal.c                         0x00000000   Number         0  defsig_cppl_inner.o ABSOLUTE
    ../clib/signal.c                         0x00000000   Number         0  defsig_rtmem_inner.o ABSOLUTE
    ../clib/signal.c                         0x00000000   Number         0  defsig_rtmem_formal.o ABSOLUTE
    ../clib/signal.c                         0x00000000   Number         0  defsig_rtmem_outer.o ABSOLUTE
    ../clib/signal.c                         0x00000000   Number         0  defsig_rtred_inner.o ABSOLUTE
    ../clib/signal.c                         0x00000000   Number         0  defsig_stak_inner.o ABSOLUTE
    ../clib/signal.c                         0x00000000   Number         0  defsig_pvfn_inner.o ABSOLUTE
    ../clib/signal.c                         0x00000000   Number         0  defsig_segv_inner.o ABSOLUTE
    ../clib/signal.c                         0x00000000   Number         0  __raise.o ABSOLUTE
    ../clib/signal.c                         0x00000000   Number         0  defsig_other.o ABSOLUTE
    ../clib/signal.c                         0x00000000   Number         0  defsig_general.o ABSOLUTE
    ../clib/signal.c                         0x00000000   Number         0  defsig_exit.o ABSOLUTE
    ../clib/signal.s                         0x00000000   Number         0  defsig.o ABSOLUTE
    ../clib/stdlib.c                         0x00000000   Number         0  exit.o ABSOLUTE
    ../clib/string.c                         0x00000000   Number         0  strlen.o ABSOLUTE
    ../clib/string.c                         0x00000000   Number         0  strcspn.o ABSOLUTE
    ../clib/string.c                         0x00000000   Number         0  strspn.o ABSOLUTE
    ../clib/string.c                         0x00000000   Number         0  strcpy.o ABSOLUTE
    ../clib/string.c                         0x00000000   Number         0  strtok_int.o ABSOLUTE
    ../clib/string.c                         0x00000000   Number         0  strtok.o ABSOLUTE
    ../fplib/fpinit.s                        0x00000000   Number         0  fpinit.o ABSOLUTE
    dc.s                                     0x00000000   Number         0  dc.o ABSOLUTE
    src\HAL.c                                0x00000000   Number         0  hal.o ABSOLUTE
    src\\HAL.c                               0x00000000   Number         0  hal.o ABSOLUTE
    src\\k_process.c                         0x00000000   Number         0  k_process.o ABSOLUTE
    src\\kernel_procs.c                      0x00000000   Number         0  kernel_procs.o ABSOLUTE
    src\\main_svc.c                          0x00000000   Number         0  main_svc.o ABSOLUTE
    src\\system_LPC17xx.c                    0x00000000   Number         0  system_lpc17xx.o ABSOLUTE
    src\\system_proc.c                       0x00000000   Number         0  system_proc.o ABSOLUTE
    src\\timer.c                             0x00000000   Number         0  timer.o ABSOLUTE
    src\\uart_irq.c                          0x00000000   Number         0  uart_irq.o ABSOLUTE
    src\\uart_polling.c                      0x00000000   Number         0  uart_polling.o ABSOLUTE
    src\k_memory.c                           0x00000000   Number         0  k_memory.o ABSOLUTE
    src\k_process.c                          0x00000000   Number         0  k_process.o ABSOLUTE
    src\k_rtx_init.c                         0x00000000   Number         0  k_rtx_init.o ABSOLUTE
    src\kernel_procs.c                       0x00000000   Number         0  kernel_procs.o ABSOLUTE
    src\list.c                               0x00000000   Number         0  list.o ABSOLUTE
    src\main_svc.c                           0x00000000   Number         0  main_svc.o ABSOLUTE
    src\printf.c                             0x00000000   Number         0  printf.o ABSOLUTE
    src\startup_LPC17xx.s                    0x00000000   Number         0  startup_lpc17xx.o ABSOLUTE
    src\system_LPC17xx.c                     0x00000000   Number         0  system_lpc17xx.o ABSOLUTE
    src\system_proc.c                        0x00000000   Number         0  system_proc.o ABSOLUTE
    src\timer.c                              0x00000000   Number         0  timer.o ABSOLUTE
    src\uart_irq.c                           0x00000000   Number         0  uart_irq.o ABSOLUTE
    src\uart_polling.c                       0x00000000   Number         0  uart_polling.o ABSOLUTE
    src\usr_proc.c                           0x00000000   Number         0  usr_proc.o ABSOLUTE
    .ARM.__at_0x02FC                         0x000002fc   Section        4  startup_lpc17xx.o(.ARM.__at_0x02FC)
    RESET                                    0x10000000   Section      204  startup_lpc17xx.o(RESET)
    !!!main                                  0x100000cc   Section        8  __main.o(!!!main)
    !!!scatter                               0x100000d4   Section       52  __scatter.o(!!!scatter)
    !!handler_copy                           0x10000108   Section       26  __scatter_copy.o(!!handler_copy)
    !!handler_zi                             0x10000124   Section       28  __scatter_zi.o(!!handler_zi)
    .ARM.Collect$$libinit$$00000000          0x10000140   Section        2  libinit.o(.ARM.Collect$$libinit$$00000000)
    .ARM.Collect$$libinit$$00000002          0x10000142   Section        0  libinit2.o(.ARM.Collect$$libinit$$00000002)
    .ARM.Collect$$libinit$$00000008          0x10000142   Section        0  libinit2.o(.ARM.Collect$$libinit$$00000008)
    .ARM.Collect$$libinit$$0000000A          0x10000142   Section        0  libinit2.o(.ARM.Collect$$libinit$$0000000A)
    .ARM.Collect$$libinit$$0000000C          0x10000142   Section        0  libinit2.o(.ARM.Collect$$libinit$$0000000C)
    .ARM.Collect$$libinit$$0000000D          0x10000142   Section        6  libinit2.o(.ARM.Collect$$libinit$$0000000D)
    .ARM.Collect$$libinit$$0000000F          0x10000148   Section        0  libinit2.o(.ARM.Collect$$libinit$$0000000F)
    .ARM.Collect$$libinit$$00000010          0x10000148   Section       12  libinit2.o(.ARM.Collect$$libinit$$00000010)
    .ARM.Collect$$libinit$$00000011          0x10000154   Section        0  libinit2.o(.ARM.Collect$$libinit$$00000011)
    .ARM.Collect$$libinit$$00000013          0x10000154   Section        0  libinit2.o(.ARM.Collect$$libinit$$00000013)
    .ARM.Collect$$libinit$$00000015          0x10000154   Section        0  libinit2.o(.ARM.Collect$$libinit$$00000015)
    .ARM.Collect$$libinit$$00000017          0x10000154   Section        0  libinit2.o(.ARM.Collect$$libinit$$00000017)
    .ARM.Collect$$libinit$$00000019          0x10000154   Section        0  libinit2.o(.ARM.Collect$$libinit$$00000019)
    .ARM.Collect$$libinit$$0000001B          0x10000154   Section        0  libinit2.o(.ARM.Collect$$libinit$$0000001B)
    .ARM.Collect$$libinit$$0000001D          0x10000154   Section        0  libinit2.o(.ARM.Collect$$libinit$$0000001D)
    .ARM.Collect$$libinit$$0000001F          0x10000154   Section        0  libinit2.o(.ARM.Collect$$libinit$$0000001F)
    .ARM.Collect$$libinit$$00000021          0x10000154   Section        0  libinit2.o(.ARM.Collect$$libinit$$00000021)
    .ARM.Collect$$libinit$$00000023          0x10000154   Section        0  libinit2.o(.ARM.Collect$$libinit$$00000023)
    .ARM.Collect$$libinit$$0000002A          0x10000154   Section        0  libinit2.o(.ARM.Collect$$libinit$$0000002A)
    .ARM.Collect$$libinit$$0000002C          0x10000154   Section        0  libinit2.o(.ARM.Collect$$libinit$$0000002C)
    .ARM.Collect$$libinit$$0000002E          0x10000154   Section        0  libinit2.o(.ARM.Collect$$libinit$$0000002E)
    .ARM.Collect$$libinit$$00000030          0x10000154   Section        0  libinit2.o(.ARM.Collect$$libinit$$00000030)
    .ARM.Collect$$libinit$$00000031          0x10000154   Section        2  libinit2.o(.ARM.Collect$$libinit$$00000031)
    .ARM.Collect$$libshutdown$$00000000      0x10000156   Section        2  libshutdown.o(.ARM.Collect$$libshutdown$$00000000)
    .ARM.Collect$$libshutdown$$00000003      0x10000158   Section        0  libshutdown2.o(.ARM.Collect$$libshutdown$$00000003)
    .ARM.Collect$$libshutdown$$00000006      0x10000158   Section        0  libshutdown2.o(.ARM.Collect$$libshutdown$$00000006)
    .ARM.Collect$$libshutdown$$00000009      0x10000158   Section        0  libshutdown2.o(.ARM.Collect$$libshutdown$$00000009)
    .ARM.Collect$$libshutdown$$0000000B      0x10000158   Section        0  libshutdown2.o(.ARM.Collect$$libshutdown$$0000000B)
    .ARM.Collect$$libshutdown$$0000000E      0x10000158   Section        0  libshutdown2.o(.ARM.Collect$$libshutdown$$0000000E)
    .ARM.Collect$$libshutdown$$0000000F      0x10000158   Section        2  libshutdown2.o(.ARM.Collect$$libshutdown$$0000000F)
    .ARM.Collect$$rtentry$$00000000          0x1000015a   Section        0  rtentry.o(.ARM.Collect$$rtentry$$00000000)
    .ARM.Collect$$rtentry$$00000002          0x1000015a   Section        0  rtentry2.o(.ARM.Collect$$rtentry$$00000002)
    .ARM.Collect$$rtentry$$00000004          0x1000015a   Section        6  rtentry4.o(.ARM.Collect$$rtentry$$00000004)
    .ARM.Collect$$rtentry$$00000009          0x10000160   Section        0  rtentry2.o(.ARM.Collect$$rtentry$$00000009)
    .ARM.Collect$$rtentry$$0000000A          0x10000160   Section        4  rtentry2.o(.ARM.Collect$$rtentry$$0000000A)
    .ARM.Collect$$rtentry$$0000000C          0x10000164   Section        0  rtentry2.o(.ARM.Collect$$rtentry$$0000000C)
    .ARM.Collect$$rtentry$$0000000D          0x10000164   Section        8  rtentry2.o(.ARM.Collect$$rtentry$$0000000D)
    .ARM.Collect$$rtexit$$00000000           0x1000016c   Section        2  rtexit.o(.ARM.Collect$$rtexit$$00000000)
    .ARM.Collect$$rtexit$$00000002           0x1000016e   Section        0  rtexit2.o(.ARM.Collect$$rtexit$$00000002)
    .ARM.Collect$$rtexit$$00000003           0x1000016e   Section        4  rtexit2.o(.ARM.Collect$$rtexit$$00000003)
    .ARM.Collect$$rtexit$$00000004           0x10000172   Section        6  rtexit2.o(.ARM.Collect$$rtexit$$00000004)
    .emb_text                                0x10000178   Section       50  hal.o(.emb_text)
    .emb_text                                0x100001ac   Section       12  timer.o(.emb_text)
    .emb_text                                0x100001b8   Section       12  uart_irq.o(.emb_text)
    .text                                    0x100001c4   Section       52  startup_lpc17xx.o(.text)
    .text                                    0x100001f8   Section        0  system_lpc17xx.o(.text)
    .text                                    0x10000414   Section        0  uart_polling.o(.text)
    .text                                    0x10000538   Section        0  printf.o(.text)
    ui2a                                     0x10000539   Thumb Code    86  printf.o(.text)
    i2a                                      0x1000058f   Thumb Code    32  printf.o(.text)
    a2d                                      0x100005af   Thumb Code    50  printf.o(.text)
    a2i                                      0x100005e1   Thumb Code    58  printf.o(.text)
    putchw                                   0x1000061b   Thumb Code    82  printf.o(.text)
    putcp                                    0x100007c1   Thumb Code    10  printf.o(.text)
    .text                                    0x100007fc   Section        0  main_svc.o(.text)
    .text                                    0x10000830   Section        0  system_proc.o(.text)
    .text                                    0x10000d94   Section        0  k_rtx_init.o(.text)
    .text                                    0x10000db0   Section        0  k_memory.o(.text)
    .text                                    0x100010ac   Section        0  k_process.o(.text)
    .text                                    0x10001aa8   Section        0  timer.o(.text)
    .text                                    0x10001b44   Section        0  kernel_procs.o(.text)
    .text                                    0x10001ee4   Section        0  uart_irq.o(.text)
    NVIC_EnableIRQ                           0x10001fad   Thumb Code    24  uart_irq.o(.text)
    .text                                    0x10001fd8   Section        0  usr_proc.o(.text)
    .text                                    0x10002408   Section        0  atoi.o(.text)
    .text                                    0x10002424   Section        0  strtok.o(.text)
    .text                                    0x10002430   Section        0  strcpy.o(.text)
    .text                                    0x10002478   Section       78  rt_memclr_w.o(.text)
    .text                                    0x100024c8   Section      128  strcmpv7m.o(.text)
    .text                                    0x10002548   Section        0  heapauxi.o(.text)
    .text                                    0x10002550   Section        8  rt_errno_addr_intlibspace.o(.text)
    .text                                    0x10002558   Section        0  strtol.o(.text)
    .text                                    0x100025c8   Section        0  strtok_int.o(.text)
    .text                                    0x1000260c   Section        8  libspace.o(.text)
    .text                                    0x10002614   Section       16  rt_ctype_table.o(.text)
    .text                                    0x10002624   Section        0  _strtoul.o(.text)
    .text                                    0x100026c2   Section        0  strcspn.o(.text)
    .text                                    0x100026e2   Section        0  strspn.o(.text)
    .text                                    0x100026fe   Section        2  use_no_semi.o(.text)
    .text                                    0x10002700   Section        0  indicate_semi.o(.text)
    .text                                    0x10002700   Section       74  sys_stackheap_outer.o(.text)
    .text                                    0x1000274c   Section        8  rt_locale_intlibspace.o(.text)
    .text                                    0x10002754   Section        0  _chval.o(.text)
    .text                                    0x10002770   Section        0  exit.o(.text)
    .text                                    0x1000277c   Section        0  sys_exit.o(.text)
    locale$$code                             0x10002788   Section       44  lc_ctype_c.o(locale$$code)
    .constdata                               0x100027b4   Section       73  usr_proc.o(.constdata)
    locale$$data                             0x10002820   Section      272  lc_ctype_c.o(locale$$data)
    __lcctype_c_name                         0x10002824   Data           2  lc_ctype_c.o(locale$$data)
    __lcctype_c_start                        0x1000282c   Data           0  lc_ctype_c.o(locale$$data)
    __lcctype_c_end                          0x10002930   Data           0  lc_ctype_c.o(locale$$data)
    .data                                    0x10004000   Section        4  system_lpc17xx.o(.data)
    .data                                    0x10004004   Section        8  printf.o(.data)
    stdout_putf                              0x10004004   Data           4  printf.o(.data)
    stdout_putp                              0x10004008   Data           4  printf.o(.data)
    .data                                    0x1000400c   Section        8  k_memory.o(.data)
    .data                                    0x10004014   Section       12  k_process.o(.data)
    .data                                    0x10004020   Section        4  timer.o(.data)
    .data                                    0x10004024   Section       49  kernel_procs.o(.data)
    .data                                    0x10004058   Section       24  usr_proc.o(.data)
    .data                                    0x10004070   Section        4  strtok.o(.data)
    _strtok_saves1                           0x10004070   Data           4  strtok.o(.data)
    .bss                                     0x10004074   Section      112  system_proc.o(.bss)
    .bss                                     0x100040e4   Section      720  k_memory.o(.bss)
    .bss                                     0x100043b4   Section      896  k_process.o(.bss)
    .bss                                     0x10004734   Section       64  kernel_procs.o(.bss)
    .bss                                     0x10004774   Section      580  usr_proc.o(.bss)
    .bss                                     0x100049b8   Section       96  libspace.o(.bss)
    HEAP                                     0x10004a18   Section        0  startup_lpc17xx.o(HEAP)
    STACK                                    0x10004a18   Section      512  startup_lpc17xx.o(STACK)
    Heap_Mem                                 0x10004a18   Data           0  startup_lpc17xx.o(HEAP)
    Stack_Mem                                0x10004a18   Data         512  startup_lpc17xx.o(STACK)
    __initial_sp                             0x10004c18   Data           0  startup_lpc17xx.o(STACK)

    Global Symbols

    Symbol Name                              Value     Ov Type        Size  Object(Section)

    BuildAttributes$$THM_ISAv4$P$D$K$B$S$PE$A:L22UL41UL21$X:L11$S22US41US21$IEEE1$IW$USESV6$~STKCKD$USESV7$~SHL$OTIME$ROPI$EBA8$UX$STANDARDLIB$REQ8$PRES8$EABIv2 0x00000000   Number         0  anon$$obj.o ABSOLUTE
    __ARM_use_no_argv                        0x00000000   Number         0  main_svc.o ABSOLUTE
    __ARM_exceptions_init                     - Undefined Weak Reference
    __alloca_initialize                       - Undefined Weak Reference
    __cpp_initialize__aeabi_                  - Undefined Weak Reference
    __cxa_finalize                            - Undefined Weak Reference
    __sigvec_lookup                           - Undefined Weak Reference
    __user_heap_extent                        - Undefined Weak Reference
    _atexit_init                              - Undefined Weak Reference
    _call_atexit_fns                          - Undefined Weak Reference
    _clock_init                               - Undefined Weak Reference
    _fp_trap_init                             - Undefined Weak Reference
    _fp_trap_shutdown                         - Undefined Weak Reference
    _get_lc_collate                           - Undefined Weak Reference
    _get_lc_monetary                          - Undefined Weak Reference
    _get_lc_numeric                           - Undefined Weak Reference
    _get_lc_time                              - Undefined Weak Reference
    _getenv_init                              - Undefined Weak Reference
    _handle_redirection                       - Undefined Weak Reference
    _initio                                   - Undefined Weak Reference
    _mutex_acquire                            - Undefined Weak Reference
    _mutex_free                               - Undefined Weak Reference
    _mutex_release                            - Undefined Weak Reference
    _rand_init                                - Undefined Weak Reference
    _signal_finish                            - Undefined Weak Reference
    _signal_init                              - Undefined Weak Reference
    _terminateio                              - Undefined Weak Reference
    __Vectors                                0x10000000   Data           4  startup_lpc17xx.o(RESET)
    __main                                   0x100000cd   Thumb Code     8  __main.o(!!!main)
    __scatterload                            0x100000d5   Thumb Code     0  __scatter.o(!!!scatter)
    __scatterload_rt2                        0x100000d5   Thumb Code    44  __scatter.o(!!!scatter)
    __scatterload_rt2_thumb_only             0x100000d5   Thumb Code     0  __scatter.o(!!!scatter)
    __scatterload_null                       0x100000e3   Thumb Code     0  __scatter.o(!!!scatter)
    __scatterload_copy                       0x10000109   Thumb Code    26  __scatter_copy.o(!!handler_copy)
    __scatterload_zeroinit                   0x10000125   Thumb Code    28  __scatter_zi.o(!!handler_zi)
    __rt_lib_init                            0x10000141   Thumb Code     0  libinit.o(.ARM.Collect$$libinit$$00000000)
    __rt_lib_init_fp_1                       0x10000143   Thumb Code     0  libinit2.o(.ARM.Collect$$libinit$$00000002)
    __rt_lib_init_heap_1                     0x10000143   Thumb Code     0  libinit2.o(.ARM.Collect$$libinit$$00000008)
    __rt_lib_init_lc_common                  0x10000143   Thumb Code     0  libinit2.o(.ARM.Collect$$libinit$$0000000D)
    __rt_lib_init_rand_1                     0x10000143   Thumb Code     0  libinit2.o(.ARM.Collect$$libinit$$0000000C)
    __rt_lib_init_user_alloc_1               0x10000143   Thumb Code     0  libinit2.o(.ARM.Collect$$libinit$$0000000A)
    __rt_lib_init_lc_collate_1               0x10000149   Thumb Code     0  libinit2.o(.ARM.Collect$$libinit$$0000000F)
    __rt_lib_init_lc_ctype_2                 0x10000149   Thumb Code     0  libinit2.o(.ARM.Collect$$libinit$$00000010)
    __rt_lib_init_alloca_1                   0x10000155   Thumb Code     0  libinit2.o(.ARM.Collect$$libinit$$0000002C)
    __rt_lib_init_argv_1                     0x10000155   Thumb Code     0  libinit2.o(.ARM.Collect$$libinit$$0000002A)
    __rt_lib_init_atexit_1                   0x10000155   Thumb Code     0  libinit2.o(.ARM.Collect$$libinit$$00000019)
    __rt_lib_init_clock_1                    0x10000155   Thumb Code     0  libinit2.o(.ARM.Collect$$libinit$$0000001F)
    __rt_lib_init_cpp_1                      0x10000155   Thumb Code     0  libinit2.o(.ARM.Collect$$libinit$$00000030)
    __rt_lib_init_exceptions_1               0x10000155   Thumb Code     0  libinit2.o(.ARM.Collect$$libinit$$0000002E)
    __rt_lib_init_fp_trap_1                  0x10000155   Thumb Code     0  libinit2.o(.ARM.Collect$$libinit$$0000001D)
    __rt_lib_init_getenv_1                   0x10000155   Thumb Code     0  libinit2.o(.ARM.Collect$$libinit$$00000021)
    __rt_lib_init_lc_ctype_1                 0x10000155   Thumb Code     0  libinit2.o(.ARM.Collect$$libinit$$00000011)
    __rt_lib_init_lc_monetary_1              0x10000155   Thumb Code     0  libinit2.o(.ARM.Collect$$libinit$$00000013)
    __rt_lib_init_lc_numeric_1               0x10000155   Thumb Code     0  libinit2.o(.ARM.Collect$$libinit$$00000015)
    __rt_lib_init_lc_time_1                  0x10000155   Thumb Code     0  libinit2.o(.ARM.Collect$$libinit$$00000017)
    __rt_lib_init_return                     0x10000155   Thumb Code     0  libinit2.o(.ARM.Collect$$libinit$$00000031)
    __rt_lib_init_signal_1                   0x10000155   Thumb Code     0  libinit2.o(.ARM.Collect$$libinit$$0000001B)
    __rt_lib_init_stdio_1                    0x10000155   Thumb Code     0  libinit2.o(.ARM.Collect$$libinit$$00000023)
    __rt_lib_shutdown                        0x10000157   Thumb Code     0  libshutdown.o(.ARM.Collect$$libshutdown$$00000000)
    __rt_lib_shutdown_fp_trap_1              0x10000159   Thumb Code     0  libshutdown2.o(.ARM.Collect$$libshutdown$$00000006)
    __rt_lib_shutdown_heap_1                 0x10000159   Thumb Code     0  libshutdown2.o(.ARM.Collect$$libshutdown$$0000000E)
    __rt_lib_shutdown_return                 0x10000159   Thumb Code     0  libshutdown2.o(.ARM.Collect$$libshutdown$$0000000F)
    __rt_lib_shutdown_signal_1               0x10000159   Thumb Code     0  libshutdown2.o(.ARM.Collect$$libshutdown$$00000009)
    __rt_lib_shutdown_stdio_1                0x10000159   Thumb Code     0  libshutdown2.o(.ARM.Collect$$libshutdown$$00000003)
    __rt_lib_shutdown_user_alloc_1           0x10000159   Thumb Code     0  libshutdown2.o(.ARM.Collect$$libshutdown$$0000000B)
    __rt_entry                               0x1000015b   Thumb Code     0  rtentry.o(.ARM.Collect$$rtentry$$00000000)
    __rt_entry_presh_1                       0x1000015b   Thumb Code     0  rtentry2.o(.ARM.Collect$$rtentry$$00000002)
    __rt_entry_sh                            0x1000015b   Thumb Code     0  rtentry4.o(.ARM.Collect$$rtentry$$00000004)
    __rt_entry_li                            0x10000161   Thumb Code     0  rtentry2.o(.ARM.Collect$$rtentry$$0000000A)
    __rt_entry_postsh_1                      0x10000161   Thumb Code     0  rtentry2.o(.ARM.Collect$$rtentry$$00000009)
    __rt_entry_main                          0x10000165   Thumb Code     0  rtentry2.o(.ARM.Collect$$rtentry$$0000000D)
    __rt_entry_postli_1                      0x10000165   Thumb Code     0  rtentry2.o(.ARM.Collect$$rtentry$$0000000C)
    __rt_exit                                0x1000016d   Thumb Code     0  rtexit.o(.ARM.Collect$$rtexit$$00000000)
    __rt_exit_ls                             0x1000016f   Thumb Code     0  rtexit2.o(.ARM.Collect$$rtexit$$00000003)
    __rt_exit_prels_1                        0x1000016f   Thumb Code     0  rtexit2.o(.ARM.Collect$$rtexit$$00000002)
    __rt_exit_exit                           0x10000173   Thumb Code     0  rtexit2.o(.ARM.Collect$$rtexit$$00000004)
    __rte                                    0x10000179   Thumb Code     6  hal.o(.emb_text)
    SVC_Handler                              0x1000017f   Thumb Code    44  hal.o(.emb_text)
    TIMER0_IRQHandler                        0x100001ad   Thumb Code    12  timer.o(.emb_text)
    UART0_IRQHandler                         0x100001b9   Thumb Code    12  uart_irq.o(.emb_text)
    Reset_Handler                            0x100001c5   Thumb Code     4  startup_lpc17xx.o(.text)
    NMI_Handler                              0x100001c9   Thumb Code     2  startup_lpc17xx.o(.text)
    HardFault_Handler                        0x100001cb   Thumb Code     2  startup_lpc17xx.o(.text)
    MemManage_Handler                        0x100001cd   Thumb Code     2  startup_lpc17xx.o(.text)
    BusFault_Handler                         0x100001cf   Thumb Code     2  startup_lpc17xx.o(.text)
    UsageFault_Handler                       0x100001d1   Thumb Code     2  startup_lpc17xx.o(.text)
    DebugMon_Handler                         0x100001d5   Thumb Code     2  startup_lpc17xx.o(.text)
    PendSV_Handler                           0x100001d7   Thumb Code     2  startup_lpc17xx.o(.text)
    SysTick_Handler                          0x100001d9   Thumb Code     2  startup_lpc17xx.o(.text)
    ADC_IRQHandler                           0x100001db   Thumb Code     0  startup_lpc17xx.o(.text)
    BOD_IRQHandler                           0x100001db   Thumb Code     0  startup_lpc17xx.o(.text)
    CANActivity_IRQHandler                   0x100001db   Thumb Code     0  startup_lpc17xx.o(.text)
    CAN_IRQHandler                           0x100001db   Thumb Code     0  startup_lpc17xx.o(.text)
    DMA_IRQHandler                           0x100001db   Thumb Code     0  startup_lpc17xx.o(.text)
    EINT0_IRQHandler                         0x100001db   Thumb Code     0  startup_lpc17xx.o(.text)
    EINT1_IRQHandler                         0x100001db   Thumb Code     0  startup_lpc17xx.o(.text)
    EINT2_IRQHandler                         0x100001db   Thumb Code     0  startup_lpc17xx.o(.text)
    EINT3_IRQHandler                         0x100001db   Thumb Code     0  startup_lpc17xx.o(.text)
    ENET_IRQHandler                          0x100001db   Thumb Code     0  startup_lpc17xx.o(.text)
    I2C0_IRQHandler                          0x100001db   Thumb Code     0  startup_lpc17xx.o(.text)
    I2C1_IRQHandler                          0x100001db   Thumb Code     0  startup_lpc17xx.o(.text)
    I2C2_IRQHandler                          0x100001db   Thumb Code     0  startup_lpc17xx.o(.text)
    I2S_IRQHandler                           0x100001db   Thumb Code     0  startup_lpc17xx.o(.text)
    MCPWM_IRQHandler                         0x100001db   Thumb Code     0  startup_lpc17xx.o(.text)
    PLL0_IRQHandler                          0x100001db   Thumb Code     0  startup_lpc17xx.o(.text)
    PLL1_IRQHandler                          0x100001db   Thumb Code     0  startup_lpc17xx.o(.text)
    PWM1_IRQHandler                          0x100001db   Thumb Code     0  startup_lpc17xx.o(.text)
    QEI_IRQHandler                           0x100001db   Thumb Code     0  startup_lpc17xx.o(.text)
    RIT_IRQHandler                           0x100001db   Thumb Code     0  startup_lpc17xx.o(.text)
    RTC_IRQHandler                           0x100001db   Thumb Code     0  startup_lpc17xx.o(.text)
    SPI_IRQHandler                           0x100001db   Thumb Code     0  startup_lpc17xx.o(.text)
    SSP0_IRQHandler                          0x100001db   Thumb Code     0  startup_lpc17xx.o(.text)
    SSP1_IRQHandler                          0x100001db   Thumb Code     0  startup_lpc17xx.o(.text)
    TIMER1_IRQHandler                        0x100001db   Thumb Code     0  startup_lpc17xx.o(.text)
    TIMER2_IRQHandler                        0x100001db   Thumb Code     0  startup_lpc17xx.o(.text)
    TIMER3_IRQHandler                        0x100001db   Thumb Code     0  startup_lpc17xx.o(.text)
    UART1_IRQHandler                         0x100001db   Thumb Code     0  startup_lpc17xx.o(.text)
    UART2_IRQHandler                         0x100001db   Thumb Code     0  startup_lpc17xx.o(.text)
    UART3_IRQHandler                         0x100001db   Thumb Code     0  startup_lpc17xx.o(.text)
    USBActivity_IRQHandler                   0x100001db   Thumb Code     0  startup_lpc17xx.o(.text)
    USB_IRQHandler                           0x100001db   Thumb Code     0  startup_lpc17xx.o(.text)
    WDT_IRQHandler                           0x100001db   Thumb Code     0  startup_lpc17xx.o(.text)
    __user_initial_stackheap                 0x100001dd   Thumb Code     0  startup_lpc17xx.o(.text)
    SystemInit                               0x100001f9   Thumb Code   476  system_lpc17xx.o(.text)
    uart_init                                0x10000415   Thumb Code    96  uart_polling.o(.text)
    uart_get_char                            0x10000475   Thumb Code    36  uart_polling.o(.text)
    uart_put_char                            0x10000499   Thumb Code    40  uart_polling.o(.text)
    uart_put_string                          0x100004c1   Thumb Code    38  uart_polling.o(.text)
    putc                                     0x100004e7   Thumb Code    28  uart_polling.o(.text)
    tfp_format                               0x1000066d   Thumb Code   296  printf.o(.text)
    init_printf                              0x10000795   Thumb Code    10  printf.o(.text)
    tfp_printf                               0x1000079f   Thumb Code    34  printf.o(.text)
    tfp_sprintf                              0x100007cb   Thumb Code    38  printf.o(.text)
    main                                     0x100007fd   Thumb Code    42  main_svc.o(.text)
    crt_process                              0x10000831   Thumb Code    34  system_proc.o(.text)
    kcd_process                              0x10000853   Thumb Code   296  system_proc.o(.text)
    clock_process                            0x1000097b   Thumb Code   644  system_proc.o(.text)
    set_priority_process                     0x10000bff   Thumb Code   228  system_proc.o(.text)
    c_process                                0x10000ce3   Thumb Code     2  system_proc.o(.text)
    b_process                                0x10000ce5   Thumb Code     2  system_proc.o(.text)
    a_process                                0x10000ce7   Thumb Code     2  system_proc.o(.text)
    set_system_procs                         0x10000ce9   Thumb Code   130  system_proc.o(.text)
    null_process                             0x10000d6b   Thumb Code    10  system_proc.o(.text)
    k_rtx_init                               0x10000d95   Thumb Code    26  k_rtx_init.o(.text)
    memory_init                              0x10000db1   Thumb Code   130  k_memory.o(.text)
    alloc_stack                              0x10000e33   Thumb Code    32  k_memory.o(.text)
    k_request_memory_block                   0x10000e53   Thumb Code   166  k_memory.o(.text)
    k_release_memory_block                   0x10000ef9   Thumb Code   182  k_memory.o(.text)
    k_super_delete                           0x10000faf   Thumb Code   182  k_memory.o(.text)
    atomic_on                                0x100010ad   Thumb Code    14  k_process.o(.text)
    atomic_off                               0x100010bb   Thumb Code    28  k_process.o(.text)
    addBlockedQ                              0x100010d7   Thumb Code    44  k_process.o(.text)
    printQ                                   0x10001103   Thumb Code   116  k_process.o(.text)
    printBlockedQ                            0x10001177   Thumb Code   116  k_process.o(.text)
    printBlockedOnReceiveQ                   0x100011eb   Thumb Code    68  k_process.o(.text)
    popBlockedQ                              0x1000122f   Thumb Code    90  k_process.o(.text)
    addQ                                     0x10001289   Thumb Code    44  k_process.o(.text)
    popQ                                     0x100012b5   Thumb Code    88  k_process.o(.text)
    peekQ                                    0x1000130d   Thumb Code    42  k_process.o(.text)
    k_get_process_priority                   0x10001337   Thumb Code    28  k_process.o(.text)
    process_switch                           0x10001353   Thumb Code   132  k_process.o(.text)
    scheduler                                0x100013d7   Thumb Code    24  k_process.o(.text)
    k_release_processor                      0x100013ef   Thumb Code    82  k_process.o(.text)
    k_set_process_priority                   0x10001441   Thumb Code   382  k_process.o(.text)
    process_init                             0x100015bf   Thumb Code   526  k_process.o(.text)
    k_send_message                           0x100017cd   Thumb Code   154  k_process.o(.text)
    send_message_t                           0x10001867   Thumb Code   116  k_process.o(.text)
    k_delayed_send                           0x100018db   Thumb Code   122  k_process.o(.text)
    k_receive_message                        0x10001955   Thumb Code   144  k_process.o(.text)
    k_receive_message_nb                     0x100019e5   Thumb Code   126  k_process.o(.text)
    k_receive_message_t                      0x10001a63   Thumb Code    60  k_process.o(.text)
    timer_init                               0x10001aa9   Thumb Code    64  timer.o(.text)
    c_TIMER0_IRQHandler                      0x10001ae9   Thumb Code    78  timer.o(.text)
    uart_i_process                           0x10001b45   Thumb Code   534  kernel_procs.o(.text)
    timer_i_process                          0x10001d5b   Thumb Code   158  kernel_procs.o(.text)
    set_kernel_procs                         0x10001df9   Thumb Code    60  kernel_procs.o(.text)
    uart_irq_init                            0x10001ee5   Thumb Code   132  uart_irq.o(.text)
    c_UART0_IRQHandler                       0x10001f69   Thumb Code    68  uart_irq.o(.text)
    proc6                                    0x10001fd9   Thumb Code   200  usr_proc.o(.text)
    proc5                                    0x100020a1   Thumb Code    28  usr_proc.o(.text)
    proc4                                    0x100020bd   Thumb Code   178  usr_proc.o(.text)
    proc3                                    0x1000216f   Thumb Code   104  usr_proc.o(.text)
    proc2                                    0x100021d7   Thumb Code   110  usr_proc.o(.text)
    proc1                                    0x10002245   Thumb Code   152  usr_proc.o(.text)
    set_test_procs                           0x100022dd   Thumb Code   100  usr_proc.o(.text)
    null_proccess                            0x10002341   Thumb Code    16  usr_proc.o(.text)
    atoi                                     0x10002409   Thumb Code    26  atoi.o(.text)
    strtok                                   0x10002425   Thumb Code     6  strtok.o(.text)
    strcpy                                   0x10002431   Thumb Code    72  strcpy.o(.text)
    __aeabi_memclr4                          0x10002479   Thumb Code     0  rt_memclr_w.o(.text)
    __aeabi_memclr8                          0x10002479   Thumb Code     0  rt_memclr_w.o(.text)
    __rt_memclr_w                            0x10002479   Thumb Code    78  rt_memclr_w.o(.text)
    _memset_w                                0x1000247d   Thumb Code     0  rt_memclr_w.o(.text)
    strcmp                                   0x100024c9   Thumb Code   128  strcmpv7m.o(.text)
    __use_two_region_memory                  0x10002549   Thumb Code     2  heapauxi.o(.text)
    __rt_heap_escrow                         0x1000254b   Thumb Code     2  heapauxi.o(.text)
    __rt_heap_expand                         0x1000254d   Thumb Code     2  heapauxi.o(.text)
    __aeabi_errno_addr                       0x10002551   Thumb Code     8  rt_errno_addr_intlibspace.o(.text)
    __errno$intlibspace                      0x10002551   Thumb Code     0  rt_errno_addr_intlibspace.o(.text)
    __rt_errno_addr$intlibspace              0x10002551   Thumb Code     0  rt_errno_addr_intlibspace.o(.text)
    strtol                                   0x10002559   Thumb Code   112  strtol.o(.text)
    __strtok_internal                        0x100025c9   Thumb Code    64  strtok_int.o(.text)
    __user_libspace                          0x1000260d   Thumb Code     8  libspace.o(.text)
    __user_perproc_libspace                  0x1000260d   Thumb Code     0  libspace.o(.text)
    __user_perthread_libspace                0x1000260d   Thumb Code     0  libspace.o(.text)
    __rt_ctype_table                         0x10002615   Thumb Code    16  rt_ctype_table.o(.text)
    _strtoul                                 0x10002625   Thumb Code   158  _strtoul.o(.text)
    strcspn                                  0x100026c3   Thumb Code    32  strcspn.o(.text)
    strspn                                   0x100026e3   Thumb Code    28  strspn.o(.text)
    __I$use$semihosting                      0x100026ff   Thumb Code     0  use_no_semi.o(.text)
    __use_no_semihosting_swi                 0x100026ff   Thumb Code     2  use_no_semi.o(.text)
    __semihosting_library_function           0x10002701   Thumb Code     0  indicate_semi.o(.text)
    __user_setup_stackheap                   0x10002701   Thumb Code    74  sys_stackheap_outer.o(.text)
    __rt_locale                              0x1000274d   Thumb Code     8  rt_locale_intlibspace.o(.text)
    _chval                                   0x10002755   Thumb Code    28  _chval.o(.text)
    exit                                     0x10002771   Thumb Code    12  exit.o(.text)
    _sys_exit                                0x1000277d   Thumb Code     8  sys_exit.o(.text)
    _get_lc_ctype                            0x10002789   Thumb Code    44  lc_ctype_c.o(locale$$code)
    Region$$Table$$Base                      0x10002800   Number         0  anon$$obj.o(Region$$Table)
    Region$$Table$$Limit                     0x10002820   Number         0  anon$$obj.o(Region$$Table)
    __ctype                                  0x1000282d   Data           0  lc_ctype_c.o(locale$$data)
    SystemFrequency                          0x10004000   Data           4  system_lpc17xx.o(.data)
    memory_block_count                       0x1000400c   Data           4  k_memory.o(.data)
    gp_stack                                 0x10004010   Data           4  k_memory.o(.data)
    gp_current_process                       0x10004014   Data           4  k_process.o(.data)
    atomic_counter                           0x10004018   Data           4  k_process.o(.data)
    gp_pcbs                                  0x1000401c   Data           4  k_process.o(.data)
    g_timer_count                            0x10004020   Data           4  timer.o(.data)
    timer_head                               0x10004024   Data           4  kernel_procs.o(.data)
    timer_tail                               0x10004028   Data           4  kernel_procs.o(.data)
    g_buffer                                 0x1000402c   Data          16  kernel_procs.o(.data)
    gp_buffer                                0x1000403c   Data           4  kernel_procs.o(.data)
    g_send_char                              0x10004040   Data           1  kernel_procs.o(.data)
    index                                    0x10004044   Data           4  kernel_procs.o(.data)
    ready_new                                0x10004048   Data           4  kernel_procs.o(.data)
    g_char_in                                0x1000404c   Data           1  kernel_procs.o(.data)
    g_char_out                               0x1000404d   Data           1  kernel_procs.o(.data)
    bPtr                                     0x10004050   Data           4  kernel_procs.o(.data)
    bChar                                    0x10004054   Data           1  kernel_procs.o(.data)
    TEST_BIT_PASSED                          0x10004058   Data           4  usr_proc.o(.data)
    TOTAL_TESTS_PASSED                       0x1000405c   Data           4  usr_proc.o(.data)
    GROUP_PREFIX                             0x10004060   Data          12  usr_proc.o(.data)
    LAST_PROC                                0x1000406c   Data           4  usr_proc.o(.data)
    g_system_procs                           0x10004074   Data         112  system_proc.o(.bss)
    memory                                   0x100040e4   Data         360  k_memory.o(.bss)
    flag                                     0x1000424c   Data         360  k_memory.o(.bss)
    processQueue                             0x100043b4   Data         320  k_process.o(.bss)
    blockedQueue                             0x100044f4   Data         320  k_process.o(.bss)
    g_proc_table                             0x10004634   Data         256  k_process.o(.bss)
    g_kernel_procs                           0x10004734   Data          32  kernel_procs.o(.bss)
    bBuffer                                  0x10004754   Data          32  kernel_procs.o(.bss)
    stress_requests                          0x10004774   Data         484  usr_proc.o(.bss)
    g_test_procs                             0x10004958   Data          96  usr_proc.o(.bss)
    __libspace_start                         0x100049b8   Data          96  libspace.o(.bss)
    __temporary_stack_top$libspace           0x10004a18   Data           0  libspace.o(.bss)
    Image$$RW_IRAM1$$ZI$$Limit               0x10004c18   Number         0  startup_lpc17xx.o(STACK)



==============================================================================

Memory Map of the image

  Image Entry point : 0x100000cd

  Load Region LR_IROM1 (Base: 0x10000000, Size: 0x000029a4, Max: 0x00004000, ABSOLUTE)

    Execution Region ER_IROM1 (Base: 0x10000000, Size: 0x00002930, Max: 0x00004000, ABSOLUTE)

    Base Addr    Size         Type   Attr      Idx    E Section Name        Object

    0x10000000   0x000000cc   Data   RO            3    RESET               startup_lpc17xx.o
    0x100000cc   0x00000008   Code   RO          442  * !!!main             c_w.l(__main.o)
    0x100000d4   0x00000034   Code   RO          711    !!!scatter          c_w.l(__scatter.o)
    0x10000108   0x0000001a   Code   RO          713    !!handler_copy      c_w.l(__scatter_copy.o)
    0x10000122   0x00000002   PAD
    0x10000124   0x0000001c   Code   RO          715    !!handler_zi        c_w.l(__scatter_zi.o)
    0x10000140   0x00000002   Code   RO          621    .ARM.Collect$$libinit$$00000000  c_w.l(libinit.o)
    0x10000142   0x00000000   Code   RO          486    .ARM.Collect$$libinit$$00000002  c_w.l(libinit2.o)
    0x10000142   0x00000000   Code   RO          489    .ARM.Collect$$libinit$$00000008  c_w.l(libinit2.o)
    0x10000142   0x00000000   Code   RO          491    .ARM.Collect$$libinit$$0000000A  c_w.l(libinit2.o)
    0x10000142   0x00000000   Code   RO          493    .ARM.Collect$$libinit$$0000000C  c_w.l(libinit2.o)
    0x10000142   0x00000006   Code   RO          494    .ARM.Collect$$libinit$$0000000D  c_w.l(libinit2.o)
    0x10000148   0x00000000   Code   RO          496    .ARM.Collect$$libinit$$0000000F  c_w.l(libinit2.o)
    0x10000148   0x0000000c   Code   RO          497    .ARM.Collect$$libinit$$00000010  c_w.l(libinit2.o)
    0x10000154   0x00000000   Code   RO          498    .ARM.Collect$$libinit$$00000011  c_w.l(libinit2.o)
    0x10000154   0x00000000   Code   RO          500    .ARM.Collect$$libinit$$00000013  c_w.l(libinit2.o)
    0x10000154   0x00000000   Code   RO          502    .ARM.Collect$$libinit$$00000015  c_w.l(libinit2.o)
    0x10000154   0x00000000   Code   RO          504    .ARM.Collect$$libinit$$00000017  c_w.l(libinit2.o)
    0x10000154   0x00000000   Code   RO          506    .ARM.Collect$$libinit$$00000019  c_w.l(libinit2.o)
    0x10000154   0x00000000   Code   RO          508    .ARM.Collect$$libinit$$0000001B  c_w.l(libinit2.o)
    0x10000154   0x00000000   Code   RO          510    .ARM.Collect$$libinit$$0000001D  c_w.l(libinit2.o)
    0x10000154   0x00000000   Code   RO          512    .ARM.Collect$$libinit$$0000001F  c_w.l(libinit2.o)
    0x10000154   0x00000000   Code   RO          514    .ARM.Collect$$libinit$$00000021  c_w.l(libinit2.o)
    0x10000154   0x00000000   Code   RO          516    .ARM.Collect$$libinit$$00000023  c_w.l(libinit2.o)
    0x10000154   0x00000000   Code   RO          520    .ARM.Collect$$libinit$$0000002A  c_w.l(libinit2.o)
    0x10000154   0x00000000   Code   RO          522    .ARM.Collect$$libinit$$0000002C  c_w.l(libinit2.o)
    0x10000154   0x00000000   Code   RO          524    .ARM.Collect$$libinit$$0000002E  c_w.l(libinit2.o)
    0x10000154   0x00000000   Code   RO          526    .ARM.Collect$$libinit$$00000030  c_w.l(libinit2.o)
    0x10000154   0x00000002   Code   RO          527    .ARM.Collect$$libinit$$00000031  c_w.l(libinit2.o)
    0x10000156   0x00000002   Code   RO          708    .ARM.Collect$$libshutdown$$00000000  c_w.l(libshutdown.o)
    0x10000158   0x00000000   Code   RO          662    .ARM.Collect$$libshutdown$$00000003  c_w.l(libshutdown2.o)
    0x10000158   0x00000000   Code   RO          665    .ARM.Collect$$libshutdown$$00000006  c_w.l(libshutdown2.o)
    0x10000158   0x00000000   Code   RO          668    .ARM.Collect$$libshutdown$$00000009  c_w.l(libshutdown2.o)
    0x10000158   0x00000000   Code   RO          670    .ARM.Collect$$libshutdown$$0000000B  c_w.l(libshutdown2.o)
    0x10000158   0x00000000   Code   RO          673    .ARM.Collect$$libshutdown$$0000000E  c_w.l(libshutdown2.o)
    0x10000158   0x00000002   Code   RO          674    .ARM.Collect$$libshutdown$$0000000F  c_w.l(libshutdown2.o)
    0x1000015a   0x00000000   Code   RO          446    .ARM.Collect$$rtentry$$00000000  c_w.l(rtentry.o)
    0x1000015a   0x00000000   Code   RO          534    .ARM.Collect$$rtentry$$00000002  c_w.l(rtentry2.o)
    0x1000015a   0x00000006   Code   RO          546    .ARM.Collect$$rtentry$$00000004  c_w.l(rtentry4.o)
    0x10000160   0x00000000   Code   RO          536    .ARM.Collect$$rtentry$$00000009  c_w.l(rtentry2.o)
    0x10000160   0x00000004   Code   RO          537    .ARM.Collect$$rtentry$$0000000A  c_w.l(rtentry2.o)
    0x10000164   0x00000000   Code   RO          539    .ARM.Collect$$rtentry$$0000000C  c_w.l(rtentry2.o)
    0x10000164   0x00000008   Code   RO          540    .ARM.Collect$$rtentry$$0000000D  c_w.l(rtentry2.o)
    0x1000016c   0x00000002   Code   RO          624    .ARM.Collect$$rtexit$$00000000  c_w.l(rtexit.o)
    0x1000016e   0x00000000   Code   RO          678    .ARM.Collect$$rtexit$$00000002  c_w.l(rtexit2.o)
    0x1000016e   0x00000004   Code   RO          679    .ARM.Collect$$rtexit$$00000003  c_w.l(rtexit2.o)
    0x10000172   0x00000006   Code   RO          680    .ARM.Collect$$rtexit$$00000004  c_w.l(rtexit2.o)
    0x10000178   0x00000032   Code   RO          161    .emb_text           hal.o
    0x100001aa   0x00000002   PAD
    0x100001ac   0x0000000c   Code   RO          259    .emb_text           timer.o
    0x100001b8   0x0000000c   Code   RO          316    .emb_text           uart_irq.o
    0x100001c4   0x00000034   Code   RO            5    .text               startup_lpc17xx.o
    0x100001f8   0x0000021c   Code   RO           15    .text               system_lpc17xx.o
    0x10000414   0x00000124   Code   RO           59    .text               uart_polling.o
    0x10000538   0x000002c4   Code   RO           83    .text               printf.o
    0x100007fc   0x00000034   Code   RO          105    .text               main_svc.o
    0x10000830   0x00000564   Code   RO          137    .text               system_proc.o
    0x10000d94   0x0000001a   Code   RO          168    .text               k_rtx_init.o
    0x10000dae   0x00000002   PAD
    0x10000db0   0x000002fc   Code   RO          193    .text               k_memory.o
    0x100010ac   0x000009fc   Code   RO          213    .text               k_process.o
    0x10001aa8   0x0000009c   Code   RO          260    .text               timer.o
    0x10001b44   0x000003a0   Code   RO          291    .text               kernel_procs.o
    0x10001ee4   0x000000f4   Code   RO          317    .text               uart_irq.o
    0x10001fd8   0x00000430   Code   RO          342    .text               usr_proc.o
    0x10002408   0x0000001a   Code   RO          429    .text               c_w.l(atoi.o)
    0x10002422   0x00000002   PAD
    0x10002424   0x0000000c   Code   RO          431    .text               c_w.l(strtok.o)
    0x10002430   0x00000048   Code   RO          434    .text               c_w.l(strcpy.o)
    0x10002478   0x0000004e   Code   RO          436    .text               c_w.l(rt_memclr_w.o)
    0x100024c6   0x00000002   PAD
    0x100024c8   0x00000080   Code   RO          438    .text               c_w.l(strcmpv7m.o)
    0x10002548   0x00000006   Code   RO          440    .text               c_w.l(heapauxi.o)
    0x1000254e   0x00000002   PAD
    0x10002550   0x00000008   Code   RO          455    .text               c_w.l(rt_errno_addr_intlibspace.o)
    0x10002558   0x00000070   Code   RO          477    .text               c_w.l(strtol.o)
    0x100025c8   0x00000044   Code   RO          479    .text               c_w.l(strtok_int.o)
    0x1000260c   0x00000008   Code   RO          530    .text               c_w.l(libspace.o)
    0x10002614   0x00000010   Code   RO          548    .text               c_w.l(rt_ctype_table.o)
    0x10002624   0x0000009e   Code   RO          558    .text               c_w.l(_strtoul.o)
    0x100026c2   0x00000020   Code   RO          564    .text               c_w.l(strcspn.o)
    0x100026e2   0x0000001c   Code   RO          566    .text               c_w.l(strspn.o)
    0x100026fe   0x00000002   Code   RO          575    .text               c_w.l(use_no_semi.o)
    0x10002700   0x00000000   Code   RO          577    .text               c_w.l(indicate_semi.o)
    0x10002700   0x0000004a   Code   RO          578    .text               c_w.l(sys_stackheap_outer.o)
    0x1000274a   0x00000002   PAD
    0x1000274c   0x00000008   Code   RO          585    .text               c_w.l(rt_locale_intlibspace.o)
    0x10002754   0x0000001c   Code   RO          589    .text               c_w.l(_chval.o)
    0x10002770   0x0000000c   Code   RO          606    .text               c_w.l(exit.o)
    0x1000277c   0x0000000c   Code   RO          622    .text               c_w.l(sys_exit.o)
    0x10002788   0x0000002c   Code   RO          601    locale$$code        c_w.l(lc_ctype_c.o)
    0x100027b4   0x00000049   Data   RO          344    .constdata          usr_proc.o
    0x100027fd   0x00000003   PAD
    0x10002800   0x00000020   Data   RO          709    Region$$Table       anon$$obj.o
    0x10002820   0x00000110   Data   RO          600    locale$$data        c_w.l(lc_ctype_c.o)


    Execution Region RW_IRAM1 (Base: 0x10004000, Size: 0x00000c18, Max: 0x00004000, ABSOLUTE)

    Base Addr    Size         Type   Attr      Idx    E Section Name        Object

    0x10004000   0x00000004   Data   RW           16    .data               system_lpc17xx.o
    0x10004004   0x00000008   Data   RW           84    .data               printf.o
    0x1000400c   0x00000008   Data   RW          196    .data               k_memory.o
    0x10004014   0x0000000c   Data   RW          215    .data               k_process.o
    0x10004020   0x00000004   Data   RW          261    .data               timer.o
    0x10004024   0x00000031   Data   RW          293    .data               kernel_procs.o
    0x10004055   0x00000003   PAD
    0x10004058   0x00000018   Data   RW          345    .data               usr_proc.o
    0x10004070   0x00000004   Data   RW          432    .data               c_w.l(strtok.o)
    0x10004074   0x00000070   Zero   RW          138    .bss                system_proc.o
    0x100040e4   0x000002d0   Zero   RW          194    .bss                k_memory.o
    0x100043b4   0x00000380   Zero   RW          214    .bss                k_process.o
    0x10004734   0x00000040   Zero   RW          292    .bss                kernel_procs.o
    0x10004774   0x00000244   Zero   RW          343    .bss                usr_proc.o
    0x100049b8   0x00000060   Zero   RW          531    .bss                c_w.l(libspace.o)
    0x10004a18   0x00000000   Zero   RW            2    HEAP                startup_lpc17xx.o
    0x10004a18   0x00000200   Zero   RW            1    STACK               startup_lpc17xx.o



  Load Region LR$$.ARM.__at_0x02FC (Base: 0x000002fc, Size: 0x00000004, Max: 0x00000004, ABSOLUTE)

    Execution Region ER$$.ARM.__at_0x02FC (Base: 0x000002fc, Size: 0x00000004, Max: 0x00000004, ABSOLUTE, UNINIT)

    Base Addr    Size         Type   Attr      Idx    E Section Name        Object

    0x000002fc   0x00000004   Code   RO            4    .ARM.__at_0x02FC    startup_lpc17xx.o


==============================================================================

Image component sizes


      Code (inc. data)   RO Data    RW Data    ZI Data      Debug   Object Name

        50          0          0          0          0        296   hal.o
       764         72          0          8        720       2736   k_memory.o
      2556        196          0         12        896       8723   k_process.o
        26          0          0          0          0       1453   k_rtx_init.o
       928        176          0         49         64       2906   kernel_procs.o
        52         10          0          0          0       1887   main_svc.o
       708         12          0          8          0       3904   printf.o
        56         22        204          0        512        900   startup_lpc17xx.o
       540         64          0          4          0      21559   system_lpc17xx.o
      1380         80          0          0        112       4182   system_proc.o
       168         14          0          4          0      25389   timer.o
       256         20          0          0          0       1696   uart_irq.o
       292         54          0          0          0       1909   uart_polling.o
      1072        184         73         24        580       2996   usr_proc.o

    ----------------------------------------------------------------------
      8852        904        312        112       2884      80536   Object Totals
         0          0         32          0          0          0   (incl. Generated)
         4          0          3          3          0          0   (incl. Padding)

    ----------------------------------------------------------------------

      Code (inc. data)   RO Data    RW Data    ZI Data      Debug   Library Member Name

         8          0          0          0          0         68   __main.o
        52          8          0          0          0          0   __scatter.o
        26          0          0          0          0          0   __scatter_copy.o
        28          0          0          0          0          0   __scatter_zi.o
        28          0          0          0          0         68   _chval.o
       158          0          0          0          0         92   _strtoul.o
        26          0          0          0          0         80   atoi.o
        12          0          0          0          0         72   exit.o
         6          0          0          0          0        152   heapauxi.o
         0          0          0          0          0          0   indicate_semi.o
        44         10        272          0          0         76   lc_ctype_c.o
         2          0          0          0          0          0   libinit.o
        20          0          0          0          0          0   libinit2.o
         2          0          0          0          0          0   libshutdown.o
         2          0          0          0          0          0   libshutdown2.o
         8          4          0          0         96         68   libspace.o
        16          4          0          0          0         76   rt_ctype_table.o
         8          4          0          0          0         68   rt_errno_addr_intlibspace.o
         8          4          0          0          0         68   rt_locale_intlibspace.o
        78          0          0          0          0         80   rt_memclr_w.o
         0          0          0          0          0          0   rtentry.o
        12          0          0          0          0          0   rtentry2.o
         6          0          0          0          0          0   rtentry4.o
         2          0          0          0          0          0   rtexit.o
        10          0          0          0          0          0   rtexit2.o
       128          0          0          0          0         68   strcmpv7m.o
        72          0          0          0          0         80   strcpy.o
        32          0          0          0          0         80   strcspn.o
        28          0          0          0          0         80   strspn.o
        12          6          0          4          0         68   strtok.o
        68          4          0          0          0         84   strtok_int.o
       112          0          0          0          0         88   strtol.o
        12          4          0          0          0         68   sys_exit.o
        74          0          0          0          0         80   sys_stackheap_outer.o
         2          0          0          0          0         68   use_no_semi.o

    ----------------------------------------------------------------------
      1112         48        272          4         96       1732   Library Totals
        10          0          0          0          0          0   (incl. Padding)

    ----------------------------------------------------------------------

      Code (inc. data)   RO Data    RW Data    ZI Data      Debug   Library Name

      1102         48        272          4         96       1732   c_w.l

    ----------------------------------------------------------------------
      1112         48        272          4         96       1732   Library Totals

    ----------------------------------------------------------------------

==============================================================================


      Code (inc. data)   RO Data    RW Data    ZI Data      Debug   

      9964        952        584        116       2980      80136   Grand Totals
      9964        952        584        116       2980      80136   ELF Image Totals
      9964        952        584        116          0          0   ROM Totals

==============================================================================

    Total RO  Size (Code + RO Data)                10548 (  10.30kB)
    Total RW  Size (RW Data + ZI Data)              3096 (   3.02kB)
    Total ROM Size (Code + RO Data + RW Data)      10664 (  10.41kB)

==============================================================================

